  Determining projects to restore...
  All projects are up-to-date for restore.
  MarstonRecovery.Tests -> C:\Users\Sriganth.M\MarstonRecovery.Playwright\MarstonRecovery.Tests\bin\Debug\net8.0\MarstonRecovery.Tests.dll
Test run for C:\Users\Sriganth.M\MarstonRecovery.Playwright\MarstonRecovery.Tests\bin\Debug\net8.0\MarstonRecovery.Tests.dll (.NETCoreApp,Version=v8.0)
VSTest version 17.11.1 (x64)

Starting test execution, please wait...
A total of 1 test files matched the specified pattern.
NUnit Adapter 1.0.0.0: Test execution started
Running selected tests in C:\Users\Sriganth.M\MarstonRecovery.Playwright\MarstonRecovery.Tests\bin\Debug\net8.0\MarstonRecovery.Tests.dll
   NUnit3TestExecutor discovered 1 of 1 NUnit test cases using Current Discovery mode, Non-Explicit run
[INFO] [20:47:32] Opening website
[INFO] [20:47:42] Chat frame URL detected in page frames.
[INFO] [20:47:42] Page frames count=5
[INFO] [20:47:42] frame[0] url=https://marstonholdings.co.uk/marston-recovery/
[INFO] [20:47:42] frame[1] url=about:srcdoc
[INFO] [20:47:42] frame[2] url=about:srcdoc
[INFO] [20:47:42] frame[3] url=about:blank
[INFO] [20:47:42] frame[4] url=https://cai-chatbot-ui-preprod.azurewebsites.net/Chat/Website/
[INFO] [20:47:42] Using chat frame url=https://cai-chatbot-ui-preprod.azurewebsites.net/Chat/Website/
[INFO] [20:47:42] Chat widget loaded
[INFO] [20:47:44] Chat opened
[INFO] [20:47:44] Frame text counts: Setup=0, payment=1
[INFO] [20:47:44] Found 9 nodes containing 'setup' or 'payment'.
[INFO] [20:47:44] node[0]: <head>
    <meta charset="UTF-8">
    <meta name="viewport" content="width=device-width, initial-scale=1.0">

    <title>Payment Plan Assistant</title>

    <link rel="stylesheet" href="/assets/css/style.css">
    <link rel="stylesheet" href="/assets/css/form.css">
    <link rel="stylesheet" href="/assets/css/make_a_payment.css">
    <link rel="stylesheet" href="/assets/css/payment_Ins.css">
    <link rel="stylesheet" href="https://stackpath.bootstrapcdn.com/bootstrap/4.6.2/css/bootstrap.min.css">
    <link rel="stylesheet" href="https://cdn.jsdelivr.net/npm/flatpickr/dist/flatpickr.min.css">


  <script src="https://cdnjs.cloudflare.com/ajax/libs/popper.js/1.16.1/umd/popper.min.js"></script>
  <script src="https://stackpath.bootstrapcdn.com/bootstrap/4.6.2/js/bootstrap.min.js"></script>
  <script src="https://cdn.jsdelivr.net/npm/flatpickr"></script>
   

    
</head>
[INFO] [20:47:44] node[1]: <title>Payment Plan Assistant</title>
[INFO] [20:47:44] node[2]: <div b-qew5mdctbu="" id="chat-popup" class="hidden">

            <div b-qew5mdctbu="" id="chat-section">
                <!-- HEADER -->
                <div b-qew5mdctbu="" class="chat-header">
                    <div b-qew5mdctbu="" class="header-startcontent">
                        <img b-qew5mdctbu="" src="/assets/svg/profileimgs.svg" class="profileimg">
                        <span b-qew5mdctbu="">MIA</span>
                        <img b-qew5mdctbu="" src="/assets/img/verified_user.svg" class="verified-badge" alt="Verified">
                    </div>
                    <div b-qew5mdctbu="" class="header-endcontent">
                        <img b-qew5mdctbu="" src="/assets/svg/add_comment.svg" class="chat-add-btn" id="chat-new-btn">
                        <button b-qew5mdctbu="" class="chat-minimize-btn">-</button>
                        <div b-qew5mdctbu="" class="three-dots-menu" id="three-dots-menu">
                            <button b-qew5mdctbu="" class="three-dots-btn" id="three-dots-btn">
                                <span b-qew5mdctbu="" class="dot"></span>
                                <span b-qew5mdctbu="" class="dot"></span>
                                <span b-qew5mdctbu="" class="dot"></span>
                            </button>
                            <div b-qew5mdctbu="" class="three-dots-dropdown" id="three-dots-dropdown">
                                <button b-qew5mdctbu="" class="dropdown-item" id="menu-chat-history">
                                    <svg b-qew5mdctbu="" class="dropdown-icon" xmlns="http://www.w3.org/2000/svg" width="18" height="18" viewBox="0 0 24 24" fill="none" stroke="#333" stroke-width="2" stroke-linecap="round" stroke-linejoin="round"><circle b-qew5mdctbu="" cx="12" cy="12" r="10"></circle><polyline b-qew5mdctbu="" points="12 6 12 12 16 14"></polyline></svg>
                                    Chat history
                                </button>
                                <button b-qew5mdctbu="" class="dropdown-item dropdown-item-end" id="menu-end-chat">
                                    <svg b-qew5mdctbu="" class="dropdown-icon" xmlns="http://www.w3.org/2000/svg" width="18" height="18" viewBox="0 0 24 24" fill="none" stroke="#e53935" stroke-width="2" stroke-linecap="round" stroke-linejoin="round"><line b-qew5mdctbu="" x1="18" y1="6" x2="6" y2="18"></line><line b-qew5mdctbu="" x1="6" y1="6" x2="18" y2="18"></line></svg>
                                    <span b-qew5mdctbu="" class="end-chat-text">End chat</span>
                                </button>
                            </div>
                        </div>
                        <button b-qew5mdctbu="" id="chat-close-btn" class="chat-close-btn">├ù</button>
                    </div>
                </div>

                <!-- CHAT MESSAGES -->
            
                <div b-qew5mdctbu="" class="chat-body" id="chat-messages">
                    <input name="__RequestVerificationToken" type="hidden" value="CfDJ8Mzf1W1n9RZPrYJLGM_-9mBMVqcVB5-tIgTB-js9KbDyaLG2A9udwrxumROtHCOPrrOLWN5AmdkZhsWEVssKMFrbhC5vKYoXDaTnBFcg00LGYZTJ852TYSLdSi7Dj8GG4c5FFOKJJF6GTocoDLaGpOQ">
<link href="https://fonts.googleapis.com/css2?family=Material+Symbols+Outlined" rel="stylesheet">
<link rel="stylesheet" href="Vulnerability.css">
<!-- CHAT FORM CONTAINER -->
<div class="chat-bodyForm" id="chat-Form" style="display:none;">
    <div id="disputePopup" style="display:flex;justify-content:center;align-items:center; position:relative;height:100%;background:rgba(0,0,0,0.5);">
        <div class="popup-content" style="background:#fff;padding:20px;max-width:90%; width:800px;height:600px;position:relative;">
            <div class="cht-content-popup"></div>
        </div>
    </div>
</div>



<script>
    var officerId = "6740";
    var platform = 1;

    if (platform == null) {
        platform = JSON.parse(sessionStorage.getItem('chatGlobalState') || '{}')?.platform;
    }
    var customerId = null;
    const paymentResult = null;
    var mobileNo = null;
    var trustedOrigins = ["https://cai-chatbot-ui-preprod.azurewebsites.net","https://marstonholdings.co.uk","https://www.marstonholdings.co.uk","https://mwp-payments-preprod-dxc4fpathuajhwhf.z01.azurefd.net/"];

    // Store immediately so it's not lost
    if (paymentResult) {
        sessionStorage.setItem("paymentResult", JSON.stringify(paymentResult));
    }
    const antiForgeryToken = 'CfDJ8Mzf1W1n9RZPrYJLGM_-9mBMVqcVB5-tIgTB-js9KbDyaLG2A9udwrxumROtHCOPrrOLWN5AmdkZhsWEVssKMFrbhC5vKYoXDaTnBFcg00LGYZTJ852TYSLdSi7Dj8GG4c5FFOKJJF6GTocoDLaGpOQ';
    const userName = null;
    const mobileNumber = null;
    const postcode = null;
    const caseNumber = null;
    const fromWebsite = true;
    const isUserRegistered = false;
</script>


<script src="https://cdnjs.cloudflare.com/ajax/libs/dompurify/3.1.6/purify.min.js" defer=""></script>

 

<script src="/assets/js/chat/chat.final.js"></script>



 

<script src="/assets/js/Chatlog/Chatlog.final.js"></script>

                </div>

                <div b-qew5mdctbu="" id="disconnect-overlay" class="disconnect-overlay" onclick="handleOverlayClick(event)">
                    <div b-qew5mdctbu="" class="disconnect-dialog">
                        <h3 b-qew5mdctbu="" class="disconnect-title">End chat with the agent?</h3>
                        <p b-qew5mdctbu="" class="disconnect-subtitle">You'll be disconnected from the support agent.</p>
                        <div b-qew5mdctbu="" class="disconnect-actions">
                            <button b-qew5mdctbu="" type="button" class="btn-stay" onclick="closeDisconnectDialog()">STAY IN CHAT</button>
                            <button b-qew5mdctbu="" type="button" class="btn-end" onclick="confirmDisconnect()">END CHAT</button>
                        </div>
                    </div>
                </div>

                <div b-qew5mdctbu="" id="endchat-overlay" class="disconnect-overlay" onclick="handleEndChatOverlayClick(event)">
                    <div b-qew5mdctbu="" class="disconnect-dialog">
                        <h3 b-qew5mdctbu="" class="disconnect-title">End Chat?</h3>
                        <p b-qew5mdctbu="" class="disconnect-subtitle">Any info you've entered will be lost.<br b-qew5mdctbu="">But don't worryΓÇöpayments made and submitted complaints or disputes are safe.</p>
                        <div b-qew5mdctbu="" class="disconnect-actions">
                            <button b-qew5mdctbu="" type="button" id="btn-close-chat" class="btn-stay" onclick="closeEndChatDialog()">CLOSE CHAT</button>
                            <button b-qew5mdctbu="" type="button" id="btn-stay-in-chat" class="btn-end" onclick="stayInChat()">STAY IN CHAT</button>
                        </div>
                    </div>
                </div>

                <div b-qew5mdctbu="" id="newchat-overlay" class="disconnect-overlay" onclick="handleNewChatOverlayClick(event)">
                    <div b-qew5mdctbu="" class="disconnect-dialog">
                        <h3 b-qew5mdctbu="" class="disconnect-title">New Chat?</h3>
                        <p b-qew5mdctbu="" class="disconnect-subtitle">Do you wish to continue with a new chat?</p>
                        <div b-qew5mdctbu="" class="disconnect-actions">
                            <button b-qew5mdctbu="" type="button" class="btn-stay" onclick="confirmNewChat()">YES</button>
                            <button b-qew5mdctbu="" type="button" class="btn-end" onclick="cancelNewChat()">NO</button>
                        </div>
                    </div>
                </div>

                <!-- FOOTER -->
                <div b-qew5mdctbu="" class="chat-footer">
                    <div b-qew5mdctbu="" id="connectToAgent" class="agent-connecting-wrapper" style="display:none;">
                        <div b-qew5mdctbu="" class="agent-connecting-left">
                            <div b-qew5mdctbu="" class="agent-connecting-top">
                                <div b-qew5mdctbu="" class="dot-animation">
                                    <span b-qew5mdctbu=""></span><span b-qew5mdctbu=""></span><span b-qew5mdctbu=""></span>
                                </div>
                                <span b-qew5mdctbu="" class="agent-loading-msg" id="agent-loading-msg">
                                    Finding the best available agent
                                </span>
                            </div>
                            <div b-qew5mdctbu="" class="agent-subtext">Estimated wait time 1-2 mins</div>
                        </div>
                        <button b-qew5mdctbu="" type="button" id="cancel-agent-btn" class="agent-cancel-btn" onclick="cancelAgentFlow()">
                            Cancel
                        </button>
                    </div>

                    <div b-qew5mdctbu="" class="input-send-wrapper">
                        <textarea b-qew5mdctbu="" id="message-input" class="msg-input-area" placeholder="Enter message here..." rows="1"></textarea>
                        <button b-qew5mdctbu="" id="send-btn">
                            <img b-qew5mdctbu="" src="/assets/svg/sendbtn.svg">
                        </button>
                    </div>
                </div>
            </div>
            <div b-qew5mdctbu="" id="RaiseComplaintContainer" style="display:none;">
                




    <meta charset="UTF-8">
    <meta name="viewport" content="width=device-width, initial-scale=1.0">
    <link rel="stylesheet" href="form.css">
    <link rel="stylesheet" href="https://fonts.googleapis.com/css2?family=Material+Symbols+Outlined">
    <title>Document</title>



    <div class="chat-position">
        <div class="chat-window">
            <div class="chat-form-header">
                <div class="back-btn-lt">
                    <button class="icon-btn" id="backToChatComplaintBtn"><span class="material-symbols-outlined">
                            arrow_back
                        </span></button>
                    <img class="mia-avatar small" src="/assets/svg/mia-avatar.png" alt="mia_avatar">
                </div>
                <div class="form-title">Raise a Complaint</div>
                <button class="icon-btn"></button>
            </div>
            <div class="chat-form-stepper">
                <div class="complaint-stepper-step active" data-step="1">
                    <div class="step-count">1</div>
                    <div class="step-name">About You</div>
                </div>
                <div class="complaint-stepper-step" data-step="2">
                    <div class="step-count">2</div>
                    <div class="step-name">Complaint Details</div>
                </div>
                <div class="complaint-stepper-step" data-step="3">
                    <div class="step-count">3</div>
                    <div class="step-name">What Happened?</div>
                </div>
            </div>
            <div class="chat-form-body">

              
  

      <!-- Step 1: About You -->
    <!-- Step 1: About You -->
 <div class="complaint-form-step" id="complaint-step1" data-step="1">
    <!-- Are you the customer -->
    <div class="input-field-lt column">
        <label for="complaintcustomer" class="input-label">Are you the customer?</label>

        <select id="complaintcustomer" name="IsNewCustomer" class="input-box" onchange="Remove(this.id)" onclick="Remove(this.id)" required="">
            <option value="" selected="" disabled="" hidden="">Select</option>
            <option value="true">Yes</option>
            <option value="false">No</option>
        </select>

        <span class="complaint-form-error-message" id="complaintcustomer-error">
            
        </span>
    </div>


    <!-- First Name -->
    <div class="input-field-lt column">
        <label for="name" class="input-label">First Name (s)</label>
        <input type="text" class="input-box" id="complaintFirstName" placeholder="Enter First Name">
        <span class="complaint-form-error-message" id="complaintFirstName-error"></span>
    </div>
  <!-- Last Name -->
    <div class="input-field-lt column">
        <label for="name" class="input-label">Last Name</label>
        <input type="text" class="input-box" id="complaintLastName" placeholder="Enter Last Name">
        <span class="complaint-form-error-message" id="complaintLastName-error"></span>
    </div>


    <!-- Marston Reference -->
    <div class="input-field-lt column" id="caseReferenceContainer">
        <label for="case-reference" class="input-label">
            Marston Case Reference
        </label>

        <input type="text" id="complaint-case-reference" name="CaseNumber" maxlength="7" class="input-box" placeholder="Enter Marston Case Reference">

        <span class="complaint-form-error-message" id="complaint-case-reference-error">
       </span>
    </div>
 

</div>

     <!-- Step 2: Contact & Complaint -->
   <div class="complaint-form-step" id="complaint-step2" data-step="2" style="display:none;">

    <!-- Customer Information -->
    <div class="form-section-header">
        <p class="section-title" style="text-align:left;"><strong>Your Information</strong></p>
    </div>

    <div class="input-field-lt column">
        <label id="lblCustomerName" class="input-label">Your Name</label>
        <input type="text" class="input-box read-only-field" id="display-complaint-customer-name" name="CustomerName" readonly="">
    </div>

    <div class="input-field-lt column">
        <label class="input-label">Marston Case Reference</label>
        <input type="text" class="input-box read-only-field" id="display-complaint-case-reference" readonly="">
    </div>

    <div class="input-field-lt column">
        <label for="customer-email" class="input-label">
            Your Email Address
        </label>
        <input type="email" id="complaintcustomer-email" name="CustomerEmail" class="input-box" maxlength="256" oninput="validateEmailInput(this)" onchange="Remove(this.id)" required="">
        <span class="complaint-form-error-message" id="complaintcustomer-email-error"></span>
    </div>


<div id="complainant-section">

    <hr class="section-divider">

    <!-- Complainant Information -->
    <div class="form-section-header">
        <p class="section-title" style="text-align:left;"><strong>Complainant Information</strong></p>
    </div>

    <div class="input-field-lt column">
        <label for="complainant-name" class="input-label">
            Complainant Name
        </label>
        <input type="text" id="Riasecomplainant-name" name="ComplainantName" class="input-box" maxlength="50" required="" placeholder="Enter Complainant Name">
        <span class="complaint-form-error-message" id="Riasecomplainant-name-error"></span>
    </div>

    <div class="input-field-lt column">
        <label for="Raisecomplainant-email" class="input-label">
            Complainant Email Address
        </label>
        <input type="email" id="Raisecomplainant-email" name="ComplainantEmail" class="input-box" maxlength="256" required="" placeholder="Enter Complainant Email Address">
        <span class="complaint-form-error-message" id="Raisecomplainant-email-error"></span>
    </div>

    <div class="input-field-lt column">
        <label for="representing-name" class="input-label">
            Who is making the complaint?
        </label>
        <input type="text" id="complaintrepresenting-name" name="ComplaintMadeBy" class="input-box" maxlength="50" required="" placeholder="Enter the Name">
        <span class="complaint-form-error-message" id="complaintrepresenting-name-error"></span>
    </div>

    </div>

    <hr class="section-divider">

    <!-- Contact Information -->
    <div class="form-section-header">
        <p class="section-title" style="text-align:left;"><strong>Contact Information</strong></p>
    </div>


     <div class="input-field-lt column">
                        <label class="input-label">Preferred Telephone Number</label>
                    </div>

                    <div class="phone-wrapper input-field-lt column">
                        <input id="complaintphone-num" type="tel" class="complaint-phone-input-box" placeholder="Enter Telephone Number" name="phoneNumber" maxlength="13">
                        <span class="complaint-form-error-message" id="complaintphone-num-error"></span>
                    </div>
                 
    
    <div class="input-field-lt column">
        <label for="address1" class="input-label">Address Line 1</label>
        <input type="text" id="complaintaddress1" name="AddressLine1" class="input-box" maxlength="100" required="" placeholder="Enter Address Line 1">
        <span class="complaint-form-error-message" id="complaintaddress1-error"></span>
    </div>

    <div class="input-field-lt column">
        <label for="address2" class="input-label">Address Line 2 <span class="optional">(Optional)</span></label>
        <input type="text" id="complaintaddress2" name="AddressLine2" class="input-box" maxlength="100" placeholder="Enter Address Line 2">
    </div>

    <div class="input-field-lt column">
        <label for="city" class="input-label">City</label>
        <input type="text" id="complaintcity" name="City" class="input-box" maxlength="50" required="" placeholder="Enter City">
        <span class="complaint-form-error-message" id="complaintcity-error"></span>
    </div>

    <div class="input-field-lt column">
        <label for="postcode" class="input-label">PostCode</label>
        <input type="text" id="complaintpostcode" name="PostCode" class="input-box" maxlength="8" required="" placeholder="Enter Postcode">
        <span class="complaint-form-error-message" id="complaintpostcode-error"></span>
    </div>

    <div class="input-field-lt column">
        <label for="contact-method" class="input-label">
            How would you prefer us to contact you?
        </label>
        <select id="complaintcontact-method" name="ContactOver" class="input-box" required="">
            <option value="" hidden="">Select</option>
            <option value="email">Email</option>
            <option value="phone">Phone</option>
            <option value="letter">Letter</option>
        </select>
        <span class="complaint-form-error-message" id="complaintcontact-method-error"></span>
    </div>

    <div class="input-field-lt column">
        <label for="call-back" class="input-label">
            Would you like a call back?(please allow 72 hrs)
        </label>
        <select id="complaintcall-back" name="IsCallAllowed" class="input-box" required="">
            <option value="" hidden="">Select</option>
            <option value="Yes">Yes</option>
            <option value="No">No</option>
        </select>
        <span class="complaint-form-error-message" id="complaintcall-back-error"></span>
    </div>

          <!-- CALLBACK SECTION -->
                    <div id="complaintcallback-section" style="display:none;">
                        <div class="input-field-lt column">
                            <label class="input-label">What date/time would you like a call back?</label>
                        </div>
 
                        <div class="input-field-lt">
    <div class="dropdown-wrapper">
        <select class="input-box" id="complaintcallback-day" name="callBackDay">
            <option value="">Select</option>
            <option>Monday</option>
            <option>Tuesday</option>
            <option>Wednesday</option>
            <option>Thursday</option>
            <option>Friday</option>
        </select>
        <span class="complaint-form-error-message" id="complaintcallback-day-error"></span>
    </div>

    <div class="dropdown-wrapper">
        <select class="input-box" id="complaintcallback-time" name="callBackTime">
            <option value="">Select</option>
            <option value="9-12">9am - 12pm</option>
            <option value="12-3">12pm - 3pm</option>
            <option value="3-530">3pm - 5.30pm</option>
        </select>
        <span class="complaint-form-error-message" id="complaintcallback-time-error"></span>
    </div>
</div>

                    </div>

    <hr class="section-divider">

<!-- Complaint Context -->
<div class="form-section-header">
    <p class="section-title" style="text-align:left;"><strong>Complaint Context</strong></p>
</div>

<!-- Accessibility -->
<div class="input-field-lt column">
    <label for="accessibility" class="input-label">
        Do you have any accessibility or communication needs? 
        If yes, please detail below. <span class="optional">(Optional)</span>
    </label>
    <input type="text" id="complaintaccessibility" name="AccessibilityNeeds" class="input-box textboxnotallowedemoj" maxlength="300" onchange="Remove(this.id)" onclick="Remove(this.id)" placeholder="Enter Detail">
</div>

<!-- Complaint Area -->
<div class="input-field-lt column">
    <label for="complaint-area" class="input-label">
        Select the area your complaint relates to
    </label>
    <select id="complaint-area" name="ComplaintArea" class="input-box" required="" onchange="Remove(this.id)" onclick="Remove(this.id)">
        <option value="" hidden="">Select</option>
        <option value="Process or admin">Process or Admin</option>
        <option value="Contact Centre">Contact Centre</option>
        <option value="Enforcement">Enforcement</option>
    </select>
    <span class="complaint-form-error-message" id="complaint-area-error">
      
    </span>
</div>

<!-- Complaint Type -->
<div class="input-field-lt column" id="complaint-type-container" style="display:none;">
    <label for="complaint-type" class="input-label">
        Select the type or category of complaint
    </label>
    <select id="complaint-type" name="ComplaintType" class="input-box" required="" onchange="Remove(this.id)" onclick="Remove(this.id)">
        <option value="" hidden="">Select</option>
    </select>
    <span class="complaint-form-error-message" id="complaint-type-error">
        
    </span>
</div>

<!-- Complaint Other -->
<div class="input-field-lt column" id="complaint-other" style="display:none;">
    <label for="txt-complaint   -other" class="input-label">
        Please specify the type or category of complaint
    </label>
    <input type="text" id="txt-complaint-other" name="ComplainOther" class="input-box textboxnotallowedemoj" maxlength="50" onchange="Remove(this.id)" onclick="Remove(this.id)">
    <span class="complaint-form-error-message" id="complaint-other-error">
        Please specify the type or category of complaint
    </span>
</div>



<div class="input-field-lt column">
 <label for="" class="input-label">When did it happen?</label>
 <input type="text" id="incident-date" class="input-box form-control date-picker flatpickr-input" placeholder="DD/MM/YYYY" readonly="readonly">
 <span class="complaint-form-error-message" id="incident-date-error"></span>
 </div>

<!-- Contact Person -->
<div class="input-field-lt column">
    <label for="contact-person" class="input-label">
        Name of the person you spoke to? <span class="optional">(Optional)</span>
    </label>
    <input type="text" id="complaintcontact-person" name="NameOfStaff" class="input-box textboxnotallowedemoj" maxlength="50" onchange="Remove(this.id)" onclick="Remove(this.id)" placeholder="Enter the Name">
</div>


</div>


 <div class="complaint-form-step" id="complaint-step2" data-step="3" style="display:none;">

    <!-- What went wrong -->
  <div class="input-field-lt column">
    <label for="incident-details" class="input-label">
        What went wrong and why?

        <button type="button" class="info-icon">
            <img src="/assets/img/info-icon.svg" alt="Info icon">
        </button>
    </label>

    <!-- Γ£à Tooltip inside form -->
    <div class="custom-tooltip-message" id="incident-tooltip">
        If you are submitting a complaint on behalf of a customer, you must upload a signed Letter of Authority confirming permission.
    </div>

    <textarea id="incident-details" name="ErrorExplanation" class="input-box textboxnotallowedemoj" maxlength="4000" required="" placeholder="Enter Detail"></textarea>

    <span class="complaint-form-error-message" id="incident-details-error"></span>
</div>



    <!-- Expectation -->
    <div class="input-field-lt column">
        <label for="expectation" class="input-label">
            How would you like us to put it right?
        </label>

       <textarea id="expectation" name="CustomerExpectation" class="input-box textboxnotallowedemoj" maxlength="2000" required="" placeholder="Enter Detail"></textarea>

        <span class="complaint-form-error-message" id="expectation-error">
            
        </span>
    </div>

    
    <!-- FILE UPLOAD -->
                    <div class="input-field-lt column">
                        <label class="input-label">Please upload supporting documents that supports your concerns or confirms what you have told us. <span class="optional">(Optional)</span></label>

                        <input type="file" id="complaint-supporting-docs" multiple="" accept=".pdf,.png,.jpg,.jpeg,.heic,.heif,.doc,.docx" style="display:none;" name="supportingDocs">

                        <div class="file-upload-lt" id="complaint-upload-box" style="cursor:pointer;">
                            <span class="material-symbols-outlined" style="color:#3276CF;">
                                upload_file
                            </span>

                            <div style="color:#3276CF;text-decoration:underline;">
                                Click to upload or drag &amp; drop
                            </div>

                            <div class="file-type-info">
                                PDF, PNG, JPG, JPEG, HEIC, HEIF, DOC, DOCX (Max 5 files, total Γëñ 15MB)
                            </div>
                        </div>

                        <div id="complaint-uploaded-files-container"></div>

                        <span class="complaint-form-error-message" id="supporting-docs-error"></span>
                    </div>

    <!-- Consent Checkbox -->
   <div class="input-field-lt column">
    <label class="checkbox-label">
        <input type="checkbox" id="data-consent" required="" onchange="Remove(this.id)">

        <span class="dataconsent" style="font-weight: normal;">
            By ticking 'Yes' I confirm that I understand Marston will use the personal data provided on this form solely for the purpose of properly handling my complaint and fulfilling their legal and statutory obligations. 
            I also understand that Marston will retain this data for as long as necessary to meet these purposes, after which it will be securely deleted.
        </span>
    </label>

    <span class="complaint-form-error-message" id="data-consent-error">
        Please check this box if you want to proceed
    </span>
</div>


</div>


    

            </div>

            <div class="chat-form-footer">
                <div class="footer-action left">
                    <button id="backcomplaintBtn" class="button teritary-btn" style="display:none;" onclick="handleRaiseComplaintBack(event)">
                        <span class="material-symbols-outlined left-icon">
                            chevron_left
                        </span>
                        PREVIOUS
                    </button>
                </div>
                <div class="footer-action right">
                    <button type="button" id="submitcomplaintBtn" class="button primary-btn" onclick="handleRaiseComplaintSubmit(event)">NEXT
                        <span id="col-arrowIcon" class="material-symbols-outlined right-icon">
                            chevron_right
                        </span>
                        <span id="col-spinner" class="custom-spinner" style="display:none;"></span>
                    </button>
                </div>
            </div>
        </div>
    </div>

 <script src="https://cdnjs.cloudflare.com/ajax/libs/intl-tel-input/17.0.19/js/intlTelInput.min.js"></script>
<script src="https://code.jquery.com/jquery-3.6.0.min.js"></script>
    

    
    <script src="/assets/js/RaiseComplaint/RaiseComplaint.final.js"></script>
    
  





            </div>
            <div b-qew5mdctbu="" id="vulnerabilityContainer" style="display: none;height: 100%;">
                




    <meta charset="UTF-8">
    <meta name="viewport" content="width=device-width, initial-scale=1.0">
    <link rel="stylesheet" href="form.css">
    <link rel="stylesheet" href="https://fonts.googleapis.com/css2?family=Material+Symbols+Outlined">
    <link rel="stylesheet" href="https://cdnjs.cloudflare.com/ajax/libs/intl-tel-input/17.0.19/css/intlTelInput.css">
    <title>Document</title>



    <div class="chat-position">
        <div class="chat-window">

            <!-- HEADER -->
            <div class="chat-form-header">
                <div class="back-btn-lt">
                    <button class="icon-btn" id="backToChatBtnVul">
                        <span class="material-symbols-outlined">arrow_back</span>
                    </button>
                    <img class="mia-avatar small" src="/assets/svg/mia-avatar.png" alt="mia_avatar">
                </div>
                <div class="form-title">Vulnerability Form</div>
                <button class="icon-btn"></button>
            </div>

            <!-- STEPPER -->
            <div class="chat-form-stepper">
                <div class="vul-stepper-step active" data-step="1">
                    <div class="step-count">1</div>
                    <div class="step-name">About You</div>
                </div>
                <div class="vul-stepper-step" data-step="2">
                    <div class="step-count">2</div>
                    <div class="step-name">Vulnerability Details</div>
                </div>
            </div>

            <!-- FORM BODY -->
            <div class="chat-form-body">

                <!-- STEP 1 -->
                <div class="vul-form-step" id="vul-step1" data-step="1">

                    <div class="input-field-lt column">
                        <label class="input-label">First Name (s)</label>
                        <input type="text" class="input-box" id="first-name" name="firstName" placeholder="Enter First Name" maxlength="50">
                        <span class="form-error-message" id="first-name-error"></span>
                    </div>

                    <div class="input-field-lt column">
                        <label class="input-label">Last Name</label>
                        <input type="text" class="input-box" id="last-name" name="lastName" placeholder="Enter Last Name" maxlength="50">
                        <span class="form-error-message" id="last-name-error"></span>
                    </div>

                    <div class="input-field-lt column">
                        <label class="input-label">Marston Case Reference</label>
                        <input type="text" class="input-box" id="caseNumber" name="caseNumber" placeholder="Enter Marston Case Reference">
                        <span class="form-error-message" id="caseNumber-error"></span>
                    </div>

                </div>

                <!-- STEP 2 -->
                <div class="vul-form-step" id="vul-step2" data-step="2" style="display:none;">

                    <h3>Contact Information</h3>

                    <div class="input-field-lt column">
                        <label class="input-label">Preferred Telephone Number</label>
                    </div>

                    <div class="phone-wrapper input-field-lt column">
                        <input id="phoneNumber" type="tel" class="phone-input-box" placeholder="Enter Phone Number" name="phoneNumber" maxlength="10">
                        <span class="form-error-message" id="phoneNumber-error"></span>
                    </div>

                    <span class="form-error-message" id="phoneNumber-error"></span>

                    <div class="input-field-lt column">
                        <label class="input-label">Address Line 1</label>
                        <input type="text" class="input-box" id="address-line1" name="addressLine1" maxlength="100" placeholder="Enter Address Line 1">
                        <span class="form-error-message" id="address-line1-error"></span>
                    </div>

                    <div class="input-field-lt column">
                        <label class="input-label">Address Line 2 <span class="form-inactive-message">(Optional)</span></label>
                        <input type="text" class="input-box" id="address-line2" name="addressLine2" maxlength="100" placeholder="Enter Address Line 2">
                        <span class="form-error-message" id="address-line2-error"></span>
                    </div>

                    <div class="input-field-lt column">
                        <label class="input-label">City</label>
                        <input type="text" class="input-box" id="city" name="city" maxlength="50" placeholder="Enter City">
                        <span class="form-error-message" id="city-error"></span>
                    </div>

                    <div class="input-field-lt column">
                        <label class="input-label">Postcode</label>
                        <input type="text" class="input-box" id="postcode" name="postCode" maxlength="8" placeholder="Enter Postcode">
                        <span class="form-error-message" id="postcode-error"></span>
                    </div>

                    <div class="input-field-lt column">
                        <label class="input-label">How would you prefer us to contact you?</label>
                        <select class="input-box" id="contact-method" name="contactMethod">
                            <option value="">Select</option>
                            <option value="Email">Email</option>
                            <option value="Phone">Phone</option>
                            <option value="Letter">Letter</option>
                        </select>
                        <span class="form-error-message" id="contact-method-error"></span>
                    </div>

                    <div class="input-field-lt column">
                        <label class="input-label">Would you like a call back? (Please allow 72 hrs)</label>
                        <select class="input-box" id="callback" name="callBack">
                            <option value="">Select</option>
                            <option value="Yes">Yes</option>
                            <option value="No">No</option>
                        </select>
                        <span class="form-error-message" id="callback-error"></span>
                    </div>

                    <!-- CALLBACK SECTION -->
                    <div id="callback-section" style="display:none;">
                        <div class="input-field-lt column">
                            <label class="input-label">What date/time would you like a call back from Welfare?</label>
                        </div>

                        <!-- selects in a row -->
                        <div class="input-field-lt row">
                            <select class="input-box" id="callback-day" name="callBackDay">
                                <option value="">Select</option>
                                <option>Monday</option>
                                <option>Tuesday</option>
                                <option>Wednesday</option>
                                <option>Thursday</option>
                                <option>Friday</option>
                            </select>

                            <select class="input-box" id="callback-time" name="callBackTime">
                                <option value="">Select</option>
                                <option value="9-12">9am - 12pm</option>
                                <option value="12-3">12pm - 3pm</option>
                                <option value="3-530">3pm - 5.30pm</option>
                            </select>
                        </div>

                        <!-- errors in a matching row below -->
                        <div class="input-field-lt row">
                            <span class="form-error-message" id="callback-day-error"></span>
                            <span class="form-error-message" id="callback-time-error"></span>
                        </div>
                    </div>

                    <div class="input-field-lt column">
                        <label class="input-label">Email Address</label>
                        <input type="text" class="input-box" id="vul-email" name="vul-email" placeholder="Enter Email Address">
                        <span class="form-error-message" id="vul-email-error"></span>
                    </div>

                    <div class="input-field-lt column">
                        <label class="input-label">Validate Email Address</label>
                        <input type="text" class="input-box" id="vulconfirmEmail" name="vulconfirmEmail" placeholder="Re-enter Email Address">
                        <span class="form-error-message" id="vulconfirmEmail-error"></span>
                    </div>

                    <hr style="margin-bottom:16px;border-top:1px solid #E0E0E0;">

                    <h3>Vulnerability Context</h3>

                    <div class="input-field-lt column">
                        <label class="input-label">Do you have any accessibility or communication needs?</label>
                        <select class="input-box" id="accessibility" name="accessibility">
                            <option value="">Select</option>
                            <option>Yes</option>
                            <option>No</option>
                        </select>
                        <span class="form-error-message" id="accessibility-error"></span>
                    </div>

                    <div id="accessibility-section" style="display:none;">
                        <div class="input-field-lt column">
                            <label class="input-label">Please Detail Below</label>
                            <textarea class="textarea-box" id="accessibility-details" name="accessibilityDetails" data-maxwords="3000" placeholder="Enter Detail"></textarea>
                            <span class="form-error-message" id="accessibility-details-error"></span>
                        </div>
                    </div>

                    <div class="input-field-lt column">
                        <label class="input-label">Is a debt advice or support organisation helping you?</label>
                        <select class="input-box" id="debt-advice" name="debtAdvice">
                            <option value="">Select</option>
                            <option>Yes</option>
                            <option>No</option>
                        </select>
                    </div>

                    <div id="debt-section" style="display:none;">
                        <div class="input-field-lt column">
                            <label class="input-label">Please Detail Below</label>
                            <textarea class="textarea-box" id="debt-details" name="debtDetails" data-maxwords="3000" placeholder="Enter Detail"></textarea>
                            <span class="form-error-message" id="debt-details-error"></span>
                        </div>
                    </div>

                    <div class="input-field-lt column">
                        <label class="input-label">
                          Please tell us about any medical or personal circumstances that mean you or your household require extra help.
                        </label>
                        <textarea class="textarea-box" id="medical-details" name="medicalDetails" data-maxwords="3000" placeholder="Enter Detail"></textarea>
                        <span class="form-error-message" id="medical-details-error"></span>
                    </div>

                    <!-- FILE UPLOAD -->
                    <div class="input-field-lt column">
                        <label class="input-label">Please upload photocopies of the medical documents/benefit information that confirms what you have told us. <span class="form-inactive-message">(Optional)</span></label>

                        <input type="file" id="supporting-docs" multiple="" accept=".pdf,.png,.jpg,.jpeg,.heic,.heif,.doc,.docx" style="display:none;" name="supportingDocs">

                        <div class="file-upload-lt" id="upload-box" style="cursor:pointer;">
                            <span class="material-symbols-outlined" style="color:#3276CF;">
                                upload_file
                            </span>

                            <div style="color:#3276CF;text-decoration:underline;">
                                Click to upload or drag &amp; drop
                            </div>

                            <div class="file-type-info">
                                PDF, PNG, JPG, JPEG, HEIC, HEIF, DOC, DOCX (Max 5 files, total Γëñ 15MB)
                            </div>
                        </div>

                        <div id="uploaded-files-container"></div>

                        <span class="form-error-message" id="supporting-docs-error"></span>
                    </div>

                    <div class="input-field-lt column">
                        <label class="input-label">Based on my current situation, I can afford to pay:</label>

                        <div class="currency-input input-field-lt column">
                            <span class="currency-symbol">┬ú</span>
                            <input type="text" class="input-box" id="minPay" inputmode="decimal" name="minPay" placeholder="Enter Amount">
                        </div>

                        <span class="form-error-message" id="minPay-error"></span>
                    </div>

                    <div class="input-field-lt column">
                        <label class="input-label">Frequency</label>
                        <select class="input-box" id="frequency" name="frequency">
                            <option value="">Select</option>
                            <option>Weekly</option>
                            <option>Fortnightly</option>
                            <option>4 Weekly</option>
                            <option>Monthly</option>
                        </select>
                        <span class="form-error-message" id="frequency-error"></span>
                    </div>

                    <div class="input-field-lt column">
                        <label class="input-label" style="display:flex;align-items:flex-start;gap:8px;cursor:pointer;margin-left: 10px;">
                            <input class="input-box form-control" type="checkbox" id="VulCheckBox">
                            By ticking 'Yes' I confirm that I understand Marston will use the personal data provided on this form solely for the purpose of properly handling my complaint and fulfilling their legal and statutory obligations. I also understand that Marston will retain this data for as long as necessary to meet these purposes, after which it will be securely deleted.
                        </label>
                        <span class="form-error-message" id="VulCheckBox-error"></span>
                    </div>



                </div>
                <!-- END STEP 2 -->

            </div>
            <!-- END BODY -->

            <!-- FOOTER -->
            <div class="chat-form-footer">
                <div class="footer-action left">
                    <button id="backBtnVul" class="button teritary-btn" style="display:none;">
                        <span class="material-symbols-outlined left-icon">chevron_left</span>
                        PREVIOUS
                    </button>
                </div>

                <div class="footer-action right">
                    <button type="button" id="vulsubmitBtn" class="button primary-btn">
                        NEXT
                        <span id="vul-arrowIcon" class="material-symbols-outlined right-icon">
                            chevron_right
                        </span>
                        <span id="vul-spinner" class="vul-custom-spinner" style="display:none;"></span>
                    </button>
                </div>
            </div>

        </div>
    </div>

    <script>
        const slider = document.getElementById('slider');
        const amountInput = document.getElementById('amount');

        // Update input when slider changes
        slider.addEventListener('input', () => {
            amountInput.value = slider.value;
        });

        // Update slider when input changes
        amountInput.addEventListener('input', () => {
            let val = Math.min(Math.max(amountInput.value, 1), 200); // clamp
            slider.value = val;
        });
    </script>
    <script src="https://cdnjs.cloudflare.com/ajax/libs/intl-tel-input/17.0.19/js/intlTelInput.min.js"></script>
    <script src="https://code.jquery.com/jquery-3.7.1.min.js"></script>
    <!-- ================= DEVELOPMENT ================= -->
    

    <!-- ================= NON-DEVELOPMENT ================= -->
    
        <script src="/assets/js/Common/Common.final.js"></script>
        <script src="/assets/js/Vulnerability/Vulnerability.final.js"></script>
        <script src="/assets/js/Forms/Forms.final.js"></script></div></div>
[INFO] [20:47:44] node[3]: <div b-qew5mdctbu="" id="chat-section">
                <!-- HEADER -->
                <div b-qew5mdctbu="" class="chat-header">
                    <div b-qew5mdctbu="" class="header-startcontent">
                        <img b-qew5mdctbu="" src="/assets/svg/profileimgs.svg" class="profileimg">
                        <span b-qew5mdctbu="">MIA</span>
                        <img b-qew5mdctbu="" src="/assets/img/verified_user.svg" class="verified-badge" alt="Verified">
                    </div>
                    <div b-qew5mdctbu="" class="header-endcontent">
                        <img b-qew5mdctbu="" src="/assets/svg/add_comment.svg" class="chat-add-btn" id="chat-new-btn">
                        <button b-qew5mdctbu="" class="chat-minimize-btn">-</button>
                        <div b-qew5mdctbu="" class="three-dots-menu" id="three-dots-menu">
                            <button b-qew5mdctbu="" class="three-dots-btn" id="three-dots-btn">
                                <span b-qew5mdctbu="" class="dot"></span>
                                <span b-qew5mdctbu="" class="dot"></span>
                                <span b-qew5mdctbu="" class="dot"></span>
                            </button>
                            <div b-qew5mdctbu="" class="three-dots-dropdown" id="three-dots-dropdown">
                                <button b-qew5mdctbu="" class="dropdown-item" id="menu-chat-history">
                                    <svg b-qew5mdctbu="" class="dropdown-icon" xmlns="http://www.w3.org/2000/svg" width="18" height="18" viewBox="0 0 24 24" fill="none" stroke="#333" stroke-width="2" stroke-linecap="round" stroke-linejoin="round"><circle b-qew5mdctbu="" cx="12" cy="12" r="10"></circle><polyline b-qew5mdctbu="" points="12 6 12 12 16 14"></polyline></svg>
                                    Chat history
                                </button>
                                <button b-qew5mdctbu="" class="dropdown-item dropdown-item-end" id="menu-end-chat">
                                    <svg b-qew5mdctbu="" class="dropdown-icon" xmlns="http://www.w3.org/2000/svg" width="18" height="18" viewBox="0 0 24 24" fill="none" stroke="#e53935" stroke-width="2" stroke-linecap="round" stroke-linejoin="round"><line b-qew5mdctbu="" x1="18" y1="6" x2="6" y2="18"></line><line b-qew5mdctbu="" x1="6" y1="6" x2="18" y2="18"></line></svg>
                                    <span b-qew5mdctbu="" class="end-chat-text">End chat</span>
                                </button>
                            </div>
                        </div>
                        <button b-qew5mdctbu="" id="chat-close-btn" class="chat-close-btn">├ù</button>
                    </div>
                </div>

                <!-- CHAT MESSAGES -->
            
                <div b-qew5mdctbu="" class="chat-body" id="chat-messages">
                    <input name="__RequestVerificationToken" type="hidden" value="CfDJ8Mzf1W1n9RZPrYJLGM_-9mBMVqcVB5-tIgTB-js9KbDyaLG2A9udwrxumROtHCOPrrOLWN5AmdkZhsWEVssKMFrbhC5vKYoXDaTnBFcg00LGYZTJ852TYSLdSi7Dj8GG4c5FFOKJJF6GTocoDLaGpOQ">
<link href="https://fonts.googleapis.com/css2?family=Material+Symbols+Outlined" rel="stylesheet">
<link rel="stylesheet" href="Vulnerability.css">
<!-- CHAT FORM CONTAINER -->
<div class="chat-bodyForm" id="chat-Form" style="display:none;">
    <div id="disputePopup" style="display:flex;justify-content:center;align-items:center; position:relative;height:100%;background:rgba(0,0,0,0.5);">
        <div class="popup-content" style="background:#fff;padding:20px;max-width:90%; width:800px;height:600px;position:relative;">
            <div class="cht-content-popup"></div>
        </div>
    </div>
</div>



<script>
    var officerId = "6740";
    var platform = 1;

    if (platform == null) {
        platform = JSON.parse(sessionStorage.getItem('chatGlobalState') || '{}')?.platform;
    }
    var customerId = null;
    const paymentResult = null;
    var mobileNo = null;
    var trustedOrigins = ["https://cai-chatbot-ui-preprod.azurewebsites.net","https://marstonholdings.co.uk","https://www.marstonholdings.co.uk","https://mwp-payments-preprod-dxc4fpathuajhwhf.z01.azurefd.net/"];

    // Store immediately so it's not lost
    if (paymentResult) {
        sessionStorage.setItem("paymentResult", JSON.stringify(paymentResult));
    }
    const antiForgeryToken = 'CfDJ8Mzf1W1n9RZPrYJLGM_-9mBMVqcVB5-tIgTB-js9KbDyaLG2A9udwrxumROtHCOPrrOLWN5AmdkZhsWEVssKMFrbhC5vKYoXDaTnBFcg00LGYZTJ852TYSLdSi7Dj8GG4c5FFOKJJF6GTocoDLaGpOQ';
    const userName = null;
    const mobileNumber = null;
    const postcode = null;
    const caseNumber = null;
    const fromWebsite = true;
    const isUserRegistered = false;
</script>


<script src="https://cdnjs.cloudflare.com/ajax/libs/dompurify/3.1.6/purify.min.js" defer=""></script>

 

<script src="/assets/js/chat/chat.final.js"></script>



 

<script src="/assets/js/Chatlog/Chatlog.final.js"></script>

                </div>

                <div b-qew5mdctbu="" id="disconnect-overlay" class="disconnect-overlay" onclick="handleOverlayClick(event)">
                    <div b-qew5mdctbu="" class="disconnect-dialog">
                        <h3 b-qew5mdctbu="" class="disconnect-title">End chat with the agent?</h3>
                        <p b-qew5mdctbu="" class="disconnect-subtitle">You'll be disconnected from the support agent.</p>
                        <div b-qew5mdctbu="" class="disconnect-actions">
                            <button b-qew5mdctbu="" type="button" class="btn-stay" onclick="closeDisconnectDialog()">STAY IN CHAT</button>
                            <button b-qew5mdctbu="" type="button" class="btn-end" onclick="confirmDisconnect()">END CHAT</button>
                        </div>
                    </div>
                </div>

                <div b-qew5mdctbu="" id="endchat-overlay" class="disconnect-overlay" onclick="handleEndChatOverlayClick(event)">
                    <div b-qew5mdctbu="" class="disconnect-dialog">
                        <h3 b-qew5mdctbu="" class="disconnect-title">End Chat?</h3>
                        <p b-qew5mdctbu="" class="disconnect-subtitle">Any info you've entered will be lost.<br b-qew5mdctbu="">But don't worryΓÇöpayments made and submitted complaints or disputes are safe.</p>
                        <div b-qew5mdctbu="" class="disconnect-actions">
                            <button b-qew5mdctbu="" type="button" id="btn-close-chat" class="btn-stay" onclick="closeEndChatDialog()">CLOSE CHAT</button>
                            <button b-qew5mdctbu="" type="button" id="btn-stay-in-chat" class="btn-end" onclick="stayInChat()">STAY IN CHAT</button>
                        </div>
                    </div>
                </div>

                <div b-qew5mdctbu="" id="newchat-overlay" class="disconnect-overlay" onclick="handleNewChatOverlayClick(event)">
                    <div b-qew5mdctbu="" class="disconnect-dialog">
                        <h3 b-qew5mdctbu="" class="disconnect-title">New Chat?</h3>
                        <p b-qew5mdctbu="" class="disconnect-subtitle">Do you wish to continue with a new chat?</p>
                        <div b-qew5mdctbu="" class="disconnect-actions">
                            <button b-qew5mdctbu="" type="button" class="btn-stay" onclick="confirmNewChat()">YES</button>
                            <button b-qew5mdctbu="" type="button" class="btn-end" onclick="cancelNewChat()">NO</button>
                        </div>
                    </div>
                </div>

                <!-- FOOTER -->
                <div b-qew5mdctbu="" class="chat-footer">
                    <div b-qew5mdctbu="" id="connectToAgent" class="agent-connecting-wrapper" style="display:none;">
                        <div b-qew5mdctbu="" class="agent-connecting-left">
                            <div b-qew5mdctbu="" class="agent-connecting-top">
                                <div b-qew5mdctbu="" class="dot-animation">
                                    <span b-qew5mdctbu=""></span><span b-qew5mdctbu=""></span><span b-qew5mdctbu=""></span>
                                </div>
                                <span b-qew5mdctbu="" class="agent-loading-msg" id="agent-loading-msg">
                                    Finding the best available agent
                                </span>
                            </div>
                            <div b-qew5mdctbu="" class="agent-subtext">Estimated wait time 1-2 mins</div>
                        </div>
                        <button b-qew5mdctbu="" type="button" id="cancel-agent-btn" class="agent-cancel-btn" onclick="cancelAgentFlow()">
                            Cancel
                        </button>
                    </div>

                    <div b-qew5mdctbu="" class="input-send-wrapper">
                        <textarea b-qew5mdctbu="" id="message-input" class="msg-input-area" placeholder="Enter message here..." rows="1"></textarea>
                        <button b-qew5mdctbu="" id="send-btn">
                            <img b-qew5mdctbu="" src="/assets/svg/sendbtn.svg">
                        </button>
                    </div>
                </div>
            </div>
[INFO] [20:47:44] node[4]: <div b-qew5mdctbu="" class="chat-body" id="chat-messages">
                    <input name="__RequestVerificationToken" type="hidden" value="CfDJ8Mzf1W1n9RZPrYJLGM_-9mBMVqcVB5-tIgTB-js9KbDyaLG2A9udwrxumROtHCOPrrOLWN5AmdkZhsWEVssKMFrbhC5vKYoXDaTnBFcg00LGYZTJ852TYSLdSi7Dj8GG4c5FFOKJJF6GTocoDLaGpOQ">
<link href="https://fonts.googleapis.com/css2?family=Material+Symbols+Outlined" rel="stylesheet">
<link rel="stylesheet" href="Vulnerability.css">
<!-- CHAT FORM CONTAINER -->
<div class="chat-bodyForm" id="chat-Form" style="display:none;">
    <div id="disputePopup" style="display:flex;justify-content:center;align-items:center; position:relative;height:100%;background:rgba(0,0,0,0.5);">
        <div class="popup-content" style="background:#fff;padding:20px;max-width:90%; width:800px;height:600px;position:relative;">
            <div class="cht-content-popup"></div>
        </div>
    </div>
</div>



<script>
    var officerId = "6740";
    var platform = 1;

    if (platform == null) {
        platform = JSON.parse(sessionStorage.getItem('chatGlobalState') || '{}')?.platform;
    }
    var customerId = null;
    const paymentResult = null;
    var mobileNo = null;
    var trustedOrigins = ["https://cai-chatbot-ui-preprod.azurewebsites.net","https://marstonholdings.co.uk","https://www.marstonholdings.co.uk","https://mwp-payments-preprod-dxc4fpathuajhwhf.z01.azurefd.net/"];

    // Store immediately so it's not lost
    if (paymentResult) {
        sessionStorage.setItem("paymentResult", JSON.stringify(paymentResult));
    }
    const antiForgeryToken = 'CfDJ8Mzf1W1n9RZPrYJLGM_-9mBMVqcVB5-tIgTB-js9KbDyaLG2A9udwrxumROtHCOPrrOLWN5AmdkZhsWEVssKMFrbhC5vKYoXDaTnBFcg00LGYZTJ852TYSLdSi7Dj8GG4c5FFOKJJF6GTocoDLaGpOQ';
    const userName = null;
    const mobileNumber = null;
    const postcode = null;
    const caseNumber = null;
    const fromWebsite = true;
    const isUserRegistered = false;
</script>


<script src="https://cdnjs.cloudflare.com/ajax/libs/dompurify/3.1.6/purify.min.js" defer=""></script>

 

<script src="/assets/js/chat/chat.final.js"></script>



 

<script src="/assets/js/Chatlog/Chatlog.final.js"></script>

                </div>
[INFO] [20:47:44] node[5]: <script>
    var officerId = "6740";
    var platform = 1;

    if (platform == null) {
        platform = JSON.parse(sessionStorage.getItem('chatGlobalState') || '{}')?.platform;
    }
    var customerId = null;
    const paymentResult = null;
    var mobileNo = null;
    var trustedOrigins = ["https://cai-chatbot-ui-preprod.azurewebsites.net","https://marstonholdings.co.uk","https://www.marstonholdings.co.uk","https://mwp-payments-preprod-dxc4fpathuajhwhf.z01.azurefd.net/"];

    // Store immediately so it's not lost
    if (paymentResult) {
        sessionStorage.setItem("paymentResult", JSON.stringify(paymentResult));
    }
    const antiForgeryToken = 'CfDJ8Mzf1W1n9RZPrYJLGM_-9mBMVqcVB5-tIgTB-js9KbDyaLG2A9udwrxumROtHCOPrrOLWN5AmdkZhsWEVssKMFrbhC5vKYoXDaTnBFcg00LGYZTJ852TYSLdSi7Dj8GG4c5FFOKJJF6GTocoDLaGpOQ';
    const userName = null;
    const mobileNumber = null;
    const postcode = null;
    const caseNumber = null;
    const fromWebsite = true;
    const isUserRegistered = false;
</script>
[INFO] [20:47:44] node[6]: <div b-qew5mdctbu="" id="endchat-overlay" class="disconnect-overlay" onclick="handleEndChatOverlayClick(event)">
                    <div b-qew5mdctbu="" class="disconnect-dialog">
                        <h3 b-qew5mdctbu="" class="disconnect-title">End Chat?</h3>
                        <p b-qew5mdctbu="" class="disconnect-subtitle">Any info you've entered will be lost.<br b-qew5mdctbu="">But don't worryΓÇöpayments made and submitted complaints or disputes are safe.</p>
                        <div b-qew5mdctbu="" class="disconnect-actions">
                            <button b-qew5mdctbu="" type="button" id="btn-close-chat" class="btn-stay" onclick="closeEndChatDialog()">CLOSE CHAT</button>
                            <button b-qew5mdctbu="" type="button" id="btn-stay-in-chat" class="btn-end" onclick="stayInChat()">STAY IN CHAT</button>
                        </div>
                    </div>
                </div>
[INFO] [20:47:44] node[7]: <div b-qew5mdctbu="" class="disconnect-dialog">
                        <h3 b-qew5mdctbu="" class="disconnect-title">End Chat?</h3>
                        <p b-qew5mdctbu="" class="disconnect-subtitle">Any info you've entered will be lost.<br b-qew5mdctbu="">But don't worryΓÇöpayments made and submitted complaints or disputes are safe.</p>
                        <div b-qew5mdctbu="" class="disconnect-actions">
                            <button b-qew5mdctbu="" type="button" id="btn-close-chat" class="btn-stay" onclick="closeEndChatDialog()">CLOSE CHAT</button>
                            <button b-qew5mdctbu="" type="button" id="btn-stay-in-chat" class="btn-end" onclick="stayInChat()">STAY IN CHAT</button>
                        </div>
                    </div>
[INFO] [20:47:44] node[8]: <p b-qew5mdctbu="" class="disconnect-subtitle">Any info you've entered will be lost.<br b-qew5mdctbu="">But don't worryΓÇöpayments made and submitted complaints or disputes are safe.</p>
[INFO] [20:47:44] Setup payment plan locator count=0

  Failed EndToEndFlow [2 m 16 s]
  Error Message:
   System.TimeoutException : Timeout 120000ms exceeded.
Call log:
  - waiting for GetByText("Setup a payment plan", new() { Exact = true })
    - locator resolved to <span>Setup a payment plan</span>
  - attempting click action
    2 ├ù waiting for element to be visible, enabled and stable
      - element is not visible
    - retrying click action
    - waiting 20ms
    2 ├ù waiting for element to be visible, enabled and stable
      - element is not visible
    - retrying click action
      - waiting 100ms
    225 ├ù waiting for element to be visible, enabled and stable
        - element is not visible
      - retrying click action
        - waiting 500ms
  Stack Trace:
     at Microsoft.Playwright.Transport.Connection.InnerSendMessageToServerAsync[T](ChannelOwner object, String method, Dictionary`2 dictionary, Boolean keepNulls) in /_/src/Playwright/Transport/Connection.cs:line 201
   at Microsoft.Playwright.Transport.Connection.WrapApiCallAsync[T](Func`1 action, Boolean isInternal, String title) in /_/src/Playwright/Transport/Connection.cs:line 505
   at MarstonRecovery.Tests.MarstonRecoveryPage.SetupPaymentPlan(TestData data) in C:\Users\Sriganth.M\MarstonRecovery.Playwright\MarstonRecovery.Tests\Pages\MarstonRecoveryPage.cs:line 166
   at MarstonRecovery.Tests.MarstonRecoveryTests.EndToEndFlow() in C:\Users\Sriganth.M\MarstonRecovery.Playwright\MarstonRecovery.Tests\Tests\MarstonRecoveryTests.cs:line 19
   at NUnit.Framework.Internal.TaskAwaitAdapter.GenericAdapter`1.BlockUntilCompleted()
   at NUnit.Framework.Internal.MessagePumpStrategy.NoMessagePumpStrategy.WaitForCompletion(AwaitAdapter awaiter)
   at NUnit.Framework.Internal.AsyncToSyncAdapter.Await[TResult](TestExecutionContext context, Func`1 invoke)
   at NUnit.Framework.Internal.AsyncToSyncAdapter.Await(TestExecutionContext context, Func`1 invoke)
   at NUnit.Framework.Internal.Commands.TestMethodCommand.RunTestMethod(TestExecutionContext context)
   at NUnit.Framework.Internal.Commands.TestMethodCommand.Execute(TestExecutionContext context)
   at NUnit.Framework.Internal.Commands.BeforeAndAfterTestCommand.<>c__DisplayClass1_0.<Execute>b__0()
   at NUnit.Framework.Internal.Commands.DelegatingTestCommand.RunTestMethodInThreadAbortSafeZone(TestExecutionContext context, Action action)
1)    at Microsoft.Playwright.Transport.Connection.InnerSendMessageToServerAsync[T](ChannelOwner object, String method, Dictionary`2 dictionary, Boolean keepNulls) in /_/src/Playwright/Transport/Connection.cs:line 201
   at Microsoft.Playwright.Transport.Connection.WrapApiCallAsync[T](Func`1 action, Boolean isInternal, String title) in /_/src/Playwright/Transport/Connection.cs:line 505
   at MarstonRecovery.Tests.MarstonRecoveryPage.SetupPaymentPlan(TestData data) in C:\Users\Sriganth.M\MarstonRecovery.Playwright\MarstonRecovery.Tests\Pages\MarstonRecoveryPage.cs:line 166
   at MarstonRecovery.Tests.MarstonRecoveryTests.EndToEndFlow() in C:\Users\Sriganth.M\MarstonRecovery.Playwright\MarstonRecovery.Tests\Tests\MarstonRecoveryTests.cs:line 19
   at NUnit.Framework.Internal.TaskAwaitAdapter.GenericAdapter`1.BlockUntilCompleted()
   at NUnit.Framework.Internal.MessagePumpStrategy.NoMessagePumpStrategy.WaitForCompletion(AwaitAdapter awaiter)
   at NUnit.Framework.Internal.AsyncToSyncAdapter.Await[TResult](TestExecutionContext context, Func`1 invoke)
   at NUnit.Framework.Internal.AsyncToSyncAdapter.Await(TestExecutionContext context, Func`1 invoke)
   at NUnit.Framework.Internal.Commands.TestMethodCommand.RunTestMethod(TestExecutionContext context)
   at NUnit.Framework.Internal.Commands.TestMethodCommand.Execute(TestExecutionContext context)
   at NUnit.Framework.Internal.Commands.BeforeAndAfterTestCommand.<>c__DisplayClass1_0.<Execute>b__0()
   at NUnit.Framework.Internal.Commands.DelegatingTestCommand.RunTestMethodInThreadAbortSafeZone(TestExecutionContext context, Action action)

  Standard Output Messages:
 [INFO] [20:47:32] Opening website
 [INFO] [20:47:42] Chat frame URL detected in page frames.
 [INFO] [20:47:42] Page frames count=5
 [INFO] [20:47:42] frame[0] url=https://marstonholdings.co.uk/marston-recovery/
 [INFO] [20:47:42] frame[1] url=about:srcdoc
 [INFO] [20:47:42] frame[2] url=about:srcdoc
 [INFO] [20:47:42] frame[3] url=about:blank
 [INFO] [20:47:42] frame[4] url=https://cai-chatbot-ui-preprod.azurewebsites.net/Chat/Website/
 [INFO] [20:47:42] Using chat frame url=https://cai-chatbot-ui-preprod.azurewebsites.net/Chat/Website/
 [INFO] [20:47:42] Chat widget loaded
 [INFO] [20:47:44] Chat opened
 [INFO] [20:47:44] Frame text counts: Setup=0, payment=1
 [INFO] [20:47:44] Found 9 nodes containing 'setup' or 'payment'.
 [INFO] [20:47:44] node[0]: <head>
     <meta charset="UTF-8">
     <meta name="viewport" content="width=device-width, initial-scale=1.0">
 
     <title>Payment Plan Assistant</title>
 
     <link rel="stylesheet" href="/assets/css/style.css">
     <link rel="stylesheet" href="/assets/css/form.css">
     <link rel="stylesheet" href="/assets/css/make_a_payment.css">
     <link rel="stylesheet" href="/assets/css/payment_Ins.css">
     <link rel="stylesheet" href="https://stackpath.bootstrapcdn.com/bootstrap/4.6.2/css/bootstrap.min.css">
     <link rel="stylesheet" href="https://cdn.jsdelivr.net/npm/flatpickr/dist/flatpickr.min.css">
 
 
   <script src="https://cdnjs.cloudflare.com/ajax/libs/popper.js/1.16.1/umd/popper.min.js"></script>
   <script src="https://stackpath.bootstrapcdn.com/bootstrap/4.6.2/js/bootstrap.min.js"></script>
   <script src="https://cdn.jsdelivr.net/npm/flatpickr"></script>
    
 
     
 </head>
 [INFO] [20:47:44] node[1]: <title>Payment Plan Assistant</title>
 [INFO] [20:47:44] node[2]: <div b-qew5mdctbu="" id="chat-popup" class="hidden">
 
             <div b-qew5mdctbu="" id="chat-section">
                 <!-- HEADER -->
                 <div b-qew5mdctbu="" class="chat-header">
                     <div b-qew5mdctbu="" class="header-startcontent">
                         <img b-qew5mdctbu="" src="/assets/svg/profileimgs.svg" class="profileimg">
                         <span b-qew5mdctbu="">MIA</span>
                         <img b-qew5mdctbu="" src="/assets/img/verified_user.svg" class="verified-badge" alt="Verified">
                     </div>
                     <div b-qew5mdctbu="" class="header-endcontent">
                         <img b-qew5mdctbu="" src="/assets/svg/add_comment.svg" class="chat-add-btn" id="chat-new-btn">
                         <button b-qew5mdctbu="" class="chat-minimize-btn">-</button>
                         <div b-qew5mdctbu="" class="three-dots-menu" id="three-dots-menu">
                             <button b-qew5mdctbu="" class="three-dots-btn" id="three-dots-btn">
                                 <span b-qew5mdctbu="" class="dot"></span>
                                 <span b-qew5mdctbu="" class="dot"></span>
                                 <span b-qew5mdctbu="" class="dot"></span>
                             </button>
                             <div b-qew5mdctbu="" class="three-dots-dropdown" id="three-dots-dropdown">
                                 <button b-qew5mdctbu="" class="dropdown-item" id="menu-chat-history">
                                     <svg b-qew5mdctbu="" class="dropdown-icon" xmlns="http://www.w3.org/2000/svg" width="18" height="18" viewBox="0 0 24 24" fill="none" stroke="#333" stroke-width="2" stroke-linecap="round" stroke-linejoin="round"><circle b-qew5mdctbu="" cx="12" cy="12" r="10"></circle><polyline b-qew5mdctbu="" points="12 6 12 12 16 14"></polyline></svg>
                                     Chat history
                                 </button>
                                 <button b-qew5mdctbu="" class="dropdown-item dropdown-item-end" id="menu-end-chat">
                                     <svg b-qew5mdctbu="" class="dropdown-icon" xmlns="http://www.w3.org/2000/svg" width="18" height="18" viewBox="0 0 24 24" fill="none" stroke="#e53935" stroke-width="2" stroke-linecap="round" stroke-linejoin="round"><line b-qew5mdctbu="" x1="18" y1="6" x2="6" y2="18"></line><line b-qew5mdctbu="" x1="6" y1="6" x2="18" y2="18"></line></svg>
                                     <span b-qew5mdctbu="" class="end-chat-text">End chat</span>
                                 </button>
                             </div>
                         </div>
                         <button b-qew5mdctbu="" id="chat-close-btn" class="chat-close-btn">├ù</button>
                     </div>
                 </div>
 
                 <!-- CHAT MESSAGES -->
             
                 <div b-qew5mdctbu="" class="chat-body" id="chat-messages">
                     <input name="__RequestVerificationToken" type="hidden" value="CfDJ8Mzf1W1n9RZPrYJLGM_-9mBMVqcVB5-tIgTB-js9KbDyaLG2A9udwrxumROtHCOPrrOLWN5AmdkZhsWEVssKMFrbhC5vKYoXDaTnBFcg00LGYZTJ852TYSLdSi7Dj8GG4c5FFOKJJF6GTocoDLaGpOQ">
 <link href="https://fonts.googleapis.com/css2?family=Material+Symbols+Outlined" rel="stylesheet">
 <link rel="stylesheet" href="Vulnerability.css">
 <!-- CHAT FORM CONTAINER -->
 <div class="chat-bodyForm" id="chat-Form" style="display:none;">
     <div id="disputePopup" style="display:flex;justify-content:center;align-items:center; position:relative;height:100%;background:rgba(0,0,0,0.5);">
         <div class="popup-content" style="background:#fff;padding:20px;max-width:90%; width:800px;height:600px;position:relative;">
             <div class="cht-content-popup"></div>
         </div>
     </div>
 </div>
 
 
 
 <script>
     var officerId = "6740";
     var platform = 1;
 
     if (platform == null) {
         platform = JSON.parse(sessionStorage.getItem('chatGlobalState') || '{}')?.platform;
     }
     var customerId = null;
     const paymentResult = null;
     var mobileNo = null;
     var trustedOrigins = ["https://cai-chatbot-ui-preprod.azurewebsites.net","https://marstonholdings.co.uk","https://www.marstonholdings.co.uk","https://mwp-payments-preprod-dxc4fpathuajhwhf.z01.azurefd.net/"];
 
     // Store immediately so it's not lost
     if (paymentResult) {
         sessionStorage.setItem("paymentResult", JSON.stringify(paymentResult));
     }
     const antiForgeryToken = 'CfDJ8Mzf1W1n9RZPrYJLGM_-9mBMVqcVB5-tIgTB-js9KbDyaLG2A9udwrxumROtHCOPrrOLWN5AmdkZhsWEVssKMFrbhC5vKYoXDaTnBFcg00LGYZTJ852TYSLdSi7Dj8GG4c5FFOKJJF6GTocoDLaGpOQ';
     const userName = null;
     const mobileNumber = null;
     const postcode = null;
     const caseNumber = null;
     const fromWebsite = true;
     const isUserRegistered = false;
 </script>
 
 
 <script src="https://cdnjs.cloudflare.com/ajax/libs/dompurify/3.1.6/purify.min.js" defer=""></script>
 
  
 
 <script src="/assets/js/chat/chat.final.js"></script>
 
 
 
  
 
 <script src="/assets/js/Chatlog/Chatlog.final.js"></script>
 
                 </div>
 
                 <div b-qew5mdctbu="" id="disconnect-overlay" class="disconnect-overlay" onclick="handleOverlayClick(event)">
                     <div b-qew5mdctbu="" class="disconnect-dialog">
                         <h3 b-qew5mdctbu="" class="disconnect-title">End chat with the agent?</h3>
                         <p b-qew5mdctbu="" class="disconnect-subtitle">You'll be disconnected from the support agent.</p>
                         <div b-qew5mdctbu="" class="disconnect-actions">
                             <button b-qew5mdctbu="" type="button" class="btn-stay" onclick="closeDisconnectDialog()">STAY IN CHAT</button>
                             <button b-qew5mdctbu="" type="button" class="btn-end" onclick="confirmDisconnect()">END CHAT</button>
                         </div>
                     </div>
                 </div>
 
                 <div b-qew5mdctbu="" id="endchat-overlay" class="disconnect-overlay" onclick="handleEndChatOverlayClick(event)">
                     <div b-qew5mdctbu="" class="disconnect-dialog">
                         <h3 b-qew5mdctbu="" class="disconnect-title">End Chat?</h3>
                         <p b-qew5mdctbu="" class="disconnect-subtitle">Any info you've entered will be lost.<br b-qew5mdctbu="">But don't worryΓÇöpayments made and submitted complaints or disputes are safe.</p>
                         <div b-qew5mdctbu="" class="disconnect-actions">
                             <button b-qew5mdctbu="" type="button" id="btn-close-chat" class="btn-stay" onclick="closeEndChatDialog()">CLOSE CHAT</button>
                             <button b-qew5mdctbu="" type="button" id="btn-stay-in-chat" class="btn-end" onclick="stayInChat()">STAY IN CHAT</button>
                         </div>
                     </div>
                 </div>
 
                 <div b-qew5mdctbu="" id="newchat-overlay" class="disconnect-overlay" onclick="handleNewChatOverlayClick(event)">
                     <div b-qew5mdctbu="" class="disconnect-dialog">
                         <h3 b-qew5mdctbu="" class="disconnect-title">New Chat?</h3>
                         <p b-qew5mdctbu="" class="disconnect-subtitle">Do you wish to continue with a new chat?</p>
                         <div b-qew5mdctbu="" class="disconnect-actions">
                             <button b-qew5mdctbu="" type="button" class="btn-stay" onclick="confirmNewChat()">YES</button>
                             <button b-qew5mdctbu="" type="button" class="btn-end" onclick="cancelNewChat()">NO</button>
                         </div>
                     </div>
                 </div>
 
                 <!-- FOOTER -->
                 <div b-qew5mdctbu="" class="chat-footer">
                     <div b-qew5mdctbu="" id="connectToAgent" class="agent-connecting-wrapper" style="display:none;">
                         <div b-qew5mdctbu="" class="agent-connecting-left">
                             <div b-qew5mdctbu="" class="agent-connecting-top">
                                 <div b-qew5mdctbu="" class="dot-animation">
                                     <span b-qew5mdctbu=""></span><span b-qew5mdctbu=""></span><span b-qew5mdctbu=""></span>
                                 </div>
                                 <span b-qew5mdctbu="" class="agent-loading-msg" id="agent-loading-msg">
                                     Finding the best available agent
                                 </span>
                             </div>
                             <div b-qew5mdctbu="" class="agent-subtext">Estimated wait time 1-2 mins</div>
                         </div>
                         <button b-qew5mdctbu="" type="button" id="cancel-agent-btn" class="agent-cancel-btn" onclick="cancelAgentFlow()">
                             Cancel
                         </button>
                     </div>
 
                     <div b-qew5mdctbu="" class="input-send-wrapper">
                         <textarea b-qew5mdctbu="" id="message-input" class="msg-input-area" placeholder="Enter message here..." rows="1"></textarea>
                         <button b-qew5mdctbu="" id="send-btn">
                             <img b-qew5mdctbu="" src="/assets/svg/sendbtn.svg">
                         </button>
                     </div>
                 </div>
             </div>
             <div b-qew5mdctbu="" id="RaiseComplaintContainer" style="display:none;">
                 
 
 
 
 
     <meta charset="UTF-8">
     <meta name="viewport" content="width=device-width, initial-scale=1.0">
     <link rel="stylesheet" href="form.css">
     <link rel="stylesheet" href="https://fonts.googleapis.com/css2?family=Material+Symbols+Outlined">
     <title>Document</title>
 
 
 
     <div class="chat-position">
         <div class="chat-window">
             <div class="chat-form-header">
                 <div class="back-btn-lt">
                     <button class="icon-btn" id="backToChatComplaintBtn"><span class="material-symbols-outlined">
                             arrow_back
                         </span></button>
                     <img class="mia-avatar small" src="/assets/svg/mia-avatar.png" alt="mia_avatar">
                 </div>
                 <div class="form-title">Raise a Complaint</div>
                 <button class="icon-btn"></button>
             </div>
             <div class="chat-form-stepper">
                 <div class="complaint-stepper-step active" data-step="1">
                     <div class="step-count">1</div>
                     <div class="step-name">About You</div>
                 </div>
                 <div class="complaint-stepper-step" data-step="2">
                     <div class="step-count">2</div>
                     <div class="step-name">Complaint Details</div>
                 </div>
                 <div class="complaint-stepper-step" data-step="3">
                     <div class="step-count">3</div>
                     <div class="step-name">What Happened?</div>
                 </div>
             </div>
             <div class="chat-form-body">
 
               
   
 
       <!-- Step 1: About You -->
     <!-- Step 1: About You -->
  <div class="complaint-form-step" id="complaint-step1" data-step="1">
     <!-- Are you the customer -->
     <div class="input-field-lt column">
         <label for="complaintcustomer" class="input-label">Are you the customer?</label>
 
         <select id="complaintcustomer" name="IsNewCustomer" class="input-box" onchange="Remove(this.id)" onclick="Remove(this.id)" required="">
             <option value="" selected="" disabled="" hidden="">Select</option>
             <option value="true">Yes</option>
             <option value="false">No</option>
         </select>
 
         <span class="complaint-form-error-message" id="complaintcustomer-error">
             
         </span>
     </div>
 
 
     <!-- First Name -->
     <div class="input-field-lt column">
         <label for="name" class="input-label">First Name (s)</label>
         <input type="text" class="input-box" id="complaintFirstName" placeholder="Enter First Name">
         <span class="complaint-form-error-message" id="complaintFirstName-error"></span>
     </div>
   <!-- Last Name -->
     <div class="input-field-lt column">
         <label for="name" class="input-label">Last Name</label>
         <input type="text" class="input-box" id="complaintLastName" placeholder="Enter Last Name">
         <span class="complaint-form-error-message" id="complaintLastName-error"></span>
     </div>
 
 
     <!-- Marston Reference -->
     <div class="input-field-lt column" id="caseReferenceContainer">
         <label for="case-reference" class="input-label">
             Marston Case Reference
         </label>
 
         <input type="text" id="complaint-case-reference" name="CaseNumber" maxlength="7" class="input-box" placeholder="Enter Marston Case Reference">
 
         <span class="complaint-form-error-message" id="complaint-case-reference-error">
        </span>
     </div>
  
 
 </div>
 
      <!-- Step 2: Contact & Complaint -->
    <div class="complaint-form-step" id="complaint-step2" data-step="2" style="display:none;">
 
     <!-- Customer Information -->
     <div class="form-section-header">
         <p class="section-title" style="text-align:left;"><strong>Your Information</strong></p>
     </div>
 
     <div class="input-field-lt column">
         <label id="lblCustomerName" class="input-label">Your Name</label>
         <input type="text" class="input-box read-only-field" id="display-complaint-customer-name" name="CustomerName" readonly="">
     </div>
 
     <div class="input-field-lt column">
         <label class="input-label">Marston Case Reference</label>
         <input type="text" class="input-box read-only-field" id="display-complaint-case-reference" readonly="">
     </div>
 
     <div class="input-field-lt column">
         <label for="customer-email" class="input-label">
             Your Email Address
         </label>
         <input type="email" id="complaintcustomer-email" name="CustomerEmail" class="input-box" maxlength="256" oninput="validateEmailInput(this)" onchange="Remove(this.id)" required="">
         <span class="complaint-form-error-message" id="complaintcustomer-email-error"></span>
     </div>
 
 
 <div id="complainant-section">
 
     <hr class="section-divider">
 
     <!-- Complainant Information -->
     <div class="form-section-header">
         <p class="section-title" style="text-align:left;"><strong>Complainant Information</strong></p>
     </div>
 
     <div class="input-field-lt column">
         <label for="complainant-name" class="input-label">
             Complainant Name
         </label>
         <input type="text" id="Riasecomplainant-name" name="ComplainantName" class="input-box" maxlength="50" required="" placeholder="Enter Complainant Name">
         <span class="complaint-form-error-message" id="Riasecomplainant-name-error"></span>
     </div>
 
     <div class="input-field-lt column">
         <label for="Raisecomplainant-email" class="input-label">
             Complainant Email Address
         </label>
         <input type="email" id="Raisecomplainant-email" name="ComplainantEmail" class="input-box" maxlength="256" required="" placeholder="Enter Complainant Email Address">
         <span class="complaint-form-error-message" id="Raisecomplainant-email-error"></span>
     </div>
 
     <div class="input-field-lt column">
         <label for="representing-name" class="input-label">
             Who is making the complaint?
         </label>
         <input type="text" id="complaintrepresenting-name" name="ComplaintMadeBy" class="input-box" maxlength="50" required="" placeholder="Enter the Name">
         <span class="complaint-form-error-message" id="complaintrepresenting-name-error"></span>
     </div>
 
     </div>
 
     <hr class="section-divider">
 
     <!-- Contact Information -->
     <div class="form-section-header">
         <p class="section-title" style="text-align:left;"><strong>Contact Information</strong></p>
     </div>
 
 
      <div class="input-field-lt column">
                         <label class="input-label">Preferred Telephone Number</label>
                     </div>
 
                     <div class="phone-wrapper input-field-lt column">
                         <input id="complaintphone-num" type="tel" class="complaint-phone-input-box" placeholder="Enter Telephone Number" name="phoneNumber" maxlength="13">
                         <span class="complaint-form-error-message" id="complaintphone-num-error"></span>
                     </div>
                  
     
     <div class="input-field-lt column">
         <label for="address1" class="input-label">Address Line 1</label>
         <input type="text" id="complaintaddress1" name="AddressLine1" class="input-box" maxlength="100" required="" placeholder="Enter Address Line 1">
         <span class="complaint-form-error-message" id="complaintaddress1-error"></span>
     </div>
 
     <div class="input-field-lt column">
         <label for="address2" class="input-label">Address Line 2 <span class="optional">(Optional)</span></label>
         <input type="text" id="complaintaddress2" name="AddressLine2" class="input-box" maxlength="100" placeholder="Enter Address Line 2">
     </div>
 
     <div class="input-field-lt column">
         <label for="city" class="input-label">City</label>
         <input type="text" id="complaintcity" name="City" class="input-box" maxlength="50" required="" placeholder="Enter City">
         <span class="complaint-form-error-message" id="complaintcity-error"></span>
     </div>
 
     <div class="input-field-lt column">
         <label for="postcode" class="input-label">PostCode</label>
         <input type="text" id="complaintpostcode" name="PostCode" class="input-box" maxlength="8" required="" placeholder="Enter Postcode">
         <span class="complaint-form-error-message" id="complaintpostcode-error"></span>
     </div>
 
     <div class="input-field-lt column">
         <label for="contact-method" class="input-label">
             How would you prefer us to contact you?
         </label>
         <select id="complaintcontact-method" name="ContactOver" class="input-box" required="">
             <option value="" hidden="">Select</option>
             <option value="email">Email</option>
             <option value="phone">Phone</option>
             <option value="letter">Letter</option>
         </select>
         <span class="complaint-form-error-message" id="complaintcontact-method-error"></span>
     </div>
 
     <div class="input-field-lt column">
         <label for="call-back" class="input-label">
             Would you like a call back?(please allow 72 hrs)
         </label>
         <select id="complaintcall-back" name="IsCallAllowed" class="input-box" required="">
             <option value="" hidden="">Select</option>
             <option value="Yes">Yes</option>
             <option value="No">No</option>
         </select>
         <span class="complaint-form-error-message" id="complaintcall-back-error"></span>
     </div>
 
           <!-- CALLBACK SECTION -->
                     <div id="complaintcallback-section" style="display:none;">
                         <div class="input-field-lt column">
                             <label class="input-label">What date/time would you like a call back?</label>
                         </div>
  
                         <div class="input-field-lt">
     <div class="dropdown-wrapper">
         <select class="input-box" id="complaintcallback-day" name="callBackDay">
             <option value="">Select</option>
             <option>Monday</option>
             <option>Tuesday</option>
             <option>Wednesday</option>
             <option>Thursday</option>
             <option>Friday</option>
         </select>
         <span class="complaint-form-error-message" id="complaintcallback-day-error"></span>
     </div>
 
     <div class="dropdown-wrapper">
         <select class="input-box" id="complaintcallback-time" name="callBackTime">
             <option value="">Select</option>
             <option value="9-12">9am - 12pm</option>
             <option value="12-3">12pm - 3pm</option>
             <option value="3-530">3pm - 5.30pm</option>
         </select>
         <span class="complaint-form-error-message" id="complaintcallback-time-error"></span>
     </div>
 </div>
 
                     </div>
 
     <hr class="section-divider">
 
 <!-- Complaint Context -->
 <div class="form-section-header">
     <p class="section-title" style="text-align:left;"><strong>Complaint Context</strong></p>
 </div>
 
 <!-- Accessibility -->
 <div class="input-field-lt column">
     <label for="accessibility" class="input-label">
         Do you have any accessibility or communication needs? 
         If yes, please detail below. <span class="optional">(Optional)</span>
     </label>
     <input type="text" id="complaintaccessibility" name="AccessibilityNeeds" class="input-box textboxnotallowedemoj" maxlength="300" onchange="Remove(this.id)" onclick="Remove(this.id)" placeholder="Enter Detail">
 </div>
 
 <!-- Complaint Area -->
 <div class="input-field-lt column">
     <label for="complaint-area" class="input-label">
         Select the area your complaint relates to
     </label>
     <select id="complaint-area" name="ComplaintArea" class="input-box" required="" onchange="Remove(this.id)" onclick="Remove(this.id)">
         <option value="" hidden="">Select</option>
         <option value="Process or admin">Process or Admin</option>
         <option value="Contact Centre">Contact Centre</option>
         <option value="Enforcement">Enforcement</option>
     </select>
     <span class="complaint-form-error-message" id="complaint-area-error">
       
     </span>
 </div>
 
 <!-- Complaint Type -->
 <div class="input-field-lt column" id="complaint-type-container" style="display:none;">
     <label for="complaint-type" class="input-label">
         Select the type or category of complaint
     </label>
     <select id="complaint-type" name="ComplaintType" class="input-box" required="" onchange="Remove(this.id)" onclick="Remove(this.id)">
         <option value="" hidden="">Select</option>
     </select>
     <span class="complaint-form-error-message" id="complaint-type-error">
         
     </span>
 </div>
 
 <!-- Complaint Other -->
 <div class="input-field-lt column" id="complaint-other" style="display:none;">
     <label for="txt-complaint   -other" class="input-label">
         Please specify the type or category of complaint
     </label>
     <input type="text" id="txt-complaint-other" name="ComplainOther" class="input-box textboxnotallowedemoj" maxlength="50" onchange="Remove(this.id)" onclick="Remove(this.id)">
     <span class="complaint-form-error-message" id="complaint-other-error">
         Please specify the type or category of complaint
     </span>
 </div>
 
 
 
 <div class="input-field-lt column">
  <label for="" class="input-label">When did it happen?</label>
  <input type="text" id="incident-date" class="input-box form-control date-picker flatpickr-input" placeholder="DD/MM/YYYY" readonly="readonly">
  <span class="complaint-form-error-message" id="incident-date-error"></span>
  </div>
 
 <!-- Contact Person -->
 <div class="input-field-lt column">
     <label for="contact-person" class="input-label">
         Name of the person you spoke to? <span class="optional">(Optional)</span>
     </label>
     <input type="text" id="complaintcontact-person" name="NameOfStaff" class="input-box textboxnotallowedemoj" maxlength="50" onchange="Remove(this.id)" onclick="Remove(this.id)" placeholder="Enter the Name">
 </div>
 
 
 </div>
 
 
  <div class="complaint-form-step" id="complaint-step2" data-step="3" style="display:none;">
 
     <!-- What went wrong -->
   <div class="input-field-lt column">
     <label for="incident-details" class="input-label">
         What went wrong and why?
 
         <button type="button" class="info-icon">
             <img src="/assets/img/info-icon.svg" alt="Info icon">
         </button>
     </label>
 
     <!-- Γ£à Tooltip inside form -->
     <div class="custom-tooltip-message" id="incident-tooltip">
         If you are submitting a complaint on behalf of a customer, you must upload a signed Letter of Authority confirming permission.
     </div>
 
     <textarea id="incident-details" name="ErrorExplanation" class="input-box textboxnotallowedemoj" maxlength="4000" required="" placeholder="Enter Detail"></textarea>
 
     <span class="complaint-form-error-message" id="incident-details-error"></span>
 </div>
 
 
 
     <!-- Expectation -->
     <div class="input-field-lt column">
         <label for="expectation" class="input-label">
             How would you like us to put it right?
         </label>
 
        <textarea id="expectation" name="CustomerExpectation" class="input-box textboxnotallowedemoj" maxlength="2000" required="" placeholder="Enter Detail"></textarea>
 
         <span class="complaint-form-error-message" id="expectation-error">
             
         </span>
     </div>
 
     
     <!-- FILE UPLOAD -->
                     <div class="input-field-lt column">
                         <label class="input-label">Please upload supporting documents that supports your concerns or confirms what you have told us. <span class="optional">(Optional)</span></label>
 
                         <input type="file" id="complaint-supporting-docs" multiple="" accept=".pdf,.png,.jpg,.jpeg,.heic,.heif,.doc,.docx" style="display:none;" name="supportingDocs">
 
                         <div class="file-upload-lt" id="complaint-upload-box" style="cursor:pointer;">
                             <span class="material-symbols-outlined" style="color:#3276CF;">
                                 upload_file
                             </span>
 
                             <div style="color:#3276CF;text-decoration:underline;">
                                 Click to upload or drag &amp; drop
                             </div>
 
                             <div class="file-type-info">
                                 PDF, PNG, JPG, JPEG, HEIC, HEIF, DOC, DOCX (Max 5 files, total Γëñ 15MB)
                             </div>
                         </div>
 
                         <div id="complaint-uploaded-files-container"></div>
 
                         <span class="complaint-form-error-message" id="supporting-docs-error"></span>
                     </div>
 
     <!-- Consent Checkbox -->
    <div class="input-field-lt column">
     <label class="checkbox-label">
         <input type="checkbox" id="data-consent" required="" onchange="Remove(this.id)">
 
         <span class="dataconsent" style="font-weight: normal;">
             By ticking 'Yes' I confirm that I understand Marston will use the personal data provided on this form solely for the purpose of properly handling my complaint and fulfilling their legal and statutory obligations. 
             I also understand that Marston will retain this data for as long as necessary to meet these purposes, after which it will be securely deleted.
         </span>
     </label>
 
     <span class="complaint-form-error-message" id="data-consent-error">
         Please check this box if you want to proceed
     </span>
 </div>
 
 
 </div>
 
 
     
 
             </div>
 
             <div class="chat-form-footer">
                 <div class="footer-action left">
                     <button id="backcomplaintBtn" class="button teritary-btn" style="display:none;" onclick="handleRaiseComplaintBack(event)">
                         <span class="material-symbols-outlined left-icon">
                             chevron_left
                         </span>
                         PREVIOUS
                     </button>
                 </div>
                 <div class="footer-action right">
                     <button type="button" id="submitcomplaintBtn" class="button primary-btn" onclick="handleRaiseComplaintSubmit(event)">NEXT
                         <span id="col-arrowIcon" class="material-symbols-outlined right-icon">
                             chevron_right
                         </span>
                         <span id="col-spinner" class="custom-spinner" style="display:none;"></span>
                     </button>
                 </div>
             </div>
         </div>
     </div>
 
  <script src="https://cdnjs.cloudflare.com/ajax/libs/intl-tel-input/17.0.19/js/intlTelInput.min.js"></script>
 <script src="https://code.jquery.com/jquery-3.6.0.min.js"></script>
     
 
     
     <script src="/assets/js/RaiseComplaint/RaiseComplaint.final.js"></script>
     
   
 
 
 
 
 
             </div>
             <div b-qew5mdctbu="" id="vulnerabilityContainer" style="display: none;height: 100%;">
                 
 
 
 
 
     <meta charset="UTF-8">
     <meta name="viewport" content="width=device-width, initial-scale=1.0">
     <link rel="stylesheet" href="form.css">
     <link rel="stylesheet" href="https://fonts.googleapis.com/css2?family=Material+Symbols+Outlined">
     <link rel="stylesheet" href="https://cdnjs.cloudflare.com/ajax/libs/intl-tel-input/17.0.19/css/intlTelInput.css">
     <title>Document</title>
 
 
 
     <div class="chat-position">
         <div class="chat-window">
 
             <!-- HEADER -->
             <div class="chat-form-header">
                 <div class="back-btn-lt">
                     <button class="icon-btn" id="backToChatBtnVul">
                         <span class="material-symbols-outlined">arrow_back</span>
                     </button>
                     <img class="mia-avatar small" src="/assets/svg/mia-avatar.png" alt="mia_avatar">
                 </div>
                 <div class="form-title">Vulnerability Form</div>
                 <button class="icon-btn"></button>
             </div>
 
             <!-- STEPPER -->
             <div class="chat-form-stepper">
                 <div class="vul-stepper-step active" data-step="1">
                     <div class="step-count">1</div>
                     <div class="step-name">About You</div>
                 </div>
                 <div class="vul-stepper-step" data-step="2">
                     <div class="step-count">2</div>
                     <div class="step-name">Vulnerability Details</div>
                 </div>
             </div>
 
             <!-- FORM BODY -->
             <div class="chat-form-body">
 
                 <!-- STEP 1 -->
                 <div class="vul-form-step" id="vul-step1" data-step="1">
 
                     <div class="input-field-lt column">
                         <label class="input-label">First Name (s)</label>
                         <input type="text" class="input-box" id="first-name" name="firstName" placeholder="Enter First Name" maxlength="50">
                         <span class="form-error-message" id="first-name-error"></span>
                     </div>
 
                     <div class="input-field-lt column">
                         <label class="input-label">Last Name</label>
                         <input type="text" class="input-box" id="last-name" name="lastName" placeholder="Enter Last Name" maxlength="50">
                         <span class="form-error-message" id="last-name-error"></span>
                     </div>
 
                     <div class="input-field-lt column">
                         <label class="input-label">Marston Case Reference</label>
                         <input type="text" class="input-box" id="caseNumber" name="caseNumber" placeholder="Enter Marston Case Reference">
                         <span class="form-error-message" id="caseNumber-error"></span>
                     </div>
 
                 </div>
 
                 <!-- STEP 2 -->
                 <div class="vul-form-step" id="vul-step2" data-step="2" style="display:none;">
 
                     <h3>Contact Information</h3>
 
                     <div class="input-field-lt column">
                         <label class="input-label">Preferred Telephone Number</label>
                     </div>
 
                     <div class="phone-wrapper input-field-lt column">
                         <input id="phoneNumber" type="tel" class="phone-input-box" placeholder="Enter Phone Number" name="phoneNumber" maxlength="10">
                         <span class="form-error-message" id="phoneNumber-error"></span>
                     </div>
 
                     <span class="form-error-message" id="phoneNumber-error"></span>
 
                     <div class="input-field-lt column">
                         <label class="input-label">Address Line 1</label>
                         <input type="text" class="input-box" id="address-line1" name="addressLine1" maxlength="100" placeholder="Enter Address Line 1">
                         <span class="form-error-message" id="address-line1-error"></span>
                     </div>
 
                     <div class="input-field-lt column">
                         <label class="input-label">Address Line 2 <span class="form-inactive-message">(Optional)</span></label>
                         <input type="text" class="input-box" id="address-line2" name="addressLine2" maxlength="100" placeholder="Enter Address Line 2">
                         <span class="form-error-message" id="address-line2-error"></span>
                     </div>
 
                     <div class="input-field-lt column">
                         <label class="input-label">City</label>
                         <input type="text" class="input-box" id="city" name="city" maxlength="50" placeholder="Enter City">
                         <span class="form-error-message" id="city-error"></span>
                     </div>
 
                     <div class="input-field-lt column">
                         <label class="input-label">Postcode</label>
                         <input type="text" class="input-box" id="postcode" name="postCode" maxlength="8" placeholder="Enter Postcode">
                         <span class="form-error-message" id="postcode-error"></span>
                     </div>
 
                     <div class="input-field-lt column">
                         <label class="input-label">How would you prefer us to contact you?</label>
                         <select class="input-box" id="contact-method" name="contactMethod">
                             <option value="">Select</option>
                             <option value="Email">Email</option>
                             <option value="Phone">Phone</option>
                             <option value="Letter">Letter</option>
                         </select>
                         <span class="form-error-message" id="contact-method-error"></span>
                     </div>
 
                     <div class="input-field-lt column">
                         <label class="input-label">Would you like a call back? (Please allow 72 hrs)</label>
                         <select class="input-box" id="callback" name="callBack">
                             <option value="">Select</option>
                             <option value="Yes">Yes</option>
                             <option value="No">No</option>
                         </select>
                         <span class="form-error-message" id="callback-error"></span>
                     </div>
 
                     <!-- CALLBACK SECTION -->
                     <div id="callback-section" style="display:none;">
                         <div class="input-field-lt column">
                             <label class="input-label">What date/time would you like a call back from Welfare?</label>
                         </div>
 
                         <!-- selects in a row -->
                         <div class="input-field-lt row">
                             <select class="input-box" id="callback-day" name="callBackDay">
                                 <option value="">Select</option>
                                 <option>Monday</option>
                                 <option>Tuesday</option>
                                 <option>Wednesday</option>
                                 <option>Thursday</option>
                                 <option>Friday</option>
                             </select>
 
                             <select class="input-box" id="callback-time" name="callBackTime">
                                 <option value="">Select</option>
                                 <option value="9-12">9am - 12pm</option>
                                 <option value="12-3">12pm - 3pm</option>
                                 <option value="3-530">3pm - 5.30pm</option>
                             </select>
                         </div>
 
                         <!-- errors in a matching row below -->
                         <div class="input-field-lt row">
                             <span class="form-error-message" id="callback-day-error"></span>
                             <span class="form-error-message" id="callback-time-error"></span>
                         </div>
                     </div>
 
                     <div class="input-field-lt column">
                         <label class="input-label">Email Address</label>
                         <input type="text" class="input-box" id="vul-email" name="vul-email" placeholder="Enter Email Address">
                         <span class="form-error-message" id="vul-email-error"></span>
                     </div>
 
                     <div class="input-field-lt column">
                         <label class="input-label">Validate Email Address</label>
                         <input type="text" class="input-box" id="vulconfirmEmail" name="vulconfirmEmail" placeholder="Re-enter Email Address">
                         <span class="form-error-message" id="vulconfirmEmail-error"></span>
                     </div>
 
                     <hr style="margin-bottom:16px;border-top:1px solid #E0E0E0;">
 
                     <h3>Vulnerability Context</h3>
 
                     <div class="input-field-lt column">
                         <label class="input-label">Do you have any accessibility or communication needs?</label>
                         <select class="input-box" id="accessibility" name="accessibility">
                             <option value="">Select</option>
                             <option>Yes</option>
                             <option>No</option>
                         </select>
                         <span class="form-error-message" id="accessibility-error"></span>
                     </div>
 
                     <div id="accessibility-section" style="display:none;">
                         <div class="input-field-lt column">
                             <label class="input-label">Please Detail Below</label>
                             <textarea class="textarea-box" id="accessibility-details" name="accessibilityDetails" data-maxwords="3000" placeholder="Enter Detail"></textarea>
                             <span class="form-error-message" id="accessibility-details-error"></span>
                         </div>
                     </div>
 
                     <div class="input-field-lt column">
                         <label class="input-label">Is a debt advice or support organisation helping you?</label>
                         <select class="input-box" id="debt-advice" name="debtAdvice">
                             <option value="">Select</option>
                             <option>Yes</option>
                             <option>No</option>
                         </select>
                     </div>
 
                     <div id="debt-section" style="display:none;">
                         <div class="input-field-lt column">
                             <label class="input-label">Please Detail Below</label>
                             <textarea class="textarea-box" id="debt-details" name="debtDetails" data-maxwords="3000" placeholder="Enter Detail"></textarea>
                             <span class="form-error-message" id="debt-details-error"></span>
                         </div>
                     </div>
 
                     <div class="input-field-lt column">
                         <label class="input-label">
                           Please tell us about any medical or personal circumstances that mean you or your household require extra help.
                         </label>
                         <textarea class="textarea-box" id="medical-details" name="medicalDetails" data-maxwords="3000" placeholder="Enter Detail"></textarea>
                         <span class="form-error-message" id="medical-details-error"></span>
                     </div>
 
                     <!-- FILE UPLOAD -->
                     <div class="input-field-lt column">
                         <label class="input-label">Please upload photocopies of the medical documents/benefit information that confirms what you have told us. <span class="form-inactive-message">(Optional)</span></label>
 
                         <input type="file" id="supporting-docs" multiple="" accept=".pdf,.png,.jpg,.jpeg,.heic,.heif,.doc,.docx" style="display:none;" name="supportingDocs">
 
                         <div class="file-upload-lt" id="upload-box" style="cursor:pointer;">
                             <span class="material-symbols-outlined" style="color:#3276CF;">
                                 upload_file
                             </span>
 
                             <div style="color:#3276CF;text-decoration:underline;">
                                 Click to upload or drag &amp; drop
                             </div>
 
                             <div class="file-type-info">
                                 PDF, PNG, JPG, JPEG, HEIC, HEIF, DOC, DOCX (Max 5 files, total Γëñ 15MB)
                             </div>
                         </div>
 
                         <div id="uploaded-files-container"></div>
 
                         <span class="form-error-message" id="supporting-docs-error"></span>
                     </div>
 
                     <div class="input-field-lt column">
                         <label class="input-label">Based on my current situation, I can afford to pay:</label>
 
                         <div class="currency-input input-field-lt column">
                             <span class="currency-symbol">┬ú</span>
                             <input type="text" class="input-box" id="minPay" inputmode="decimal" name="minPay" placeholder="Enter Amount">
                         </div>
 
                         <span class="form-error-message" id="minPay-error"></span>
                     </div>
 
                     <div class="input-field-lt column">
                         <label class="input-label">Frequency</label>
                         <select class="input-box" id="frequency" name="frequency">
                             <option value="">Select</option>
                             <option>Weekly</option>
                             <option>Fortnightly</option>
                             <option>4 Weekly</option>
                             <option>Monthly</option>
                         </select>
                         <span class="form-error-message" id="frequency-error"></span>
                     </div>
 
                     <div class="input-field-lt column">
                         <label class="input-label" style="display:flex;align-items:flex-start;gap:8px;cursor:pointer;margin-left: 10px;">
                             <input class="input-box form-control" type="checkbox" id="VulCheckBox">
                             By ticking 'Yes' I confirm that I understand Marston will use the personal data provided on this form solely for the purpose of properly handling my complaint and fulfilling their legal and statutory obligations. I also understand that Marston will retain this data for as long as necessary to meet these purposes, after which it will be securely deleted.
                         </label>
                         <span class="form-error-message" id="VulCheckBox-error"></span>
                     </div>
 
 
 
                 </div>
                 <!-- END STEP 2 -->
 
             </div>
             <!-- END BODY -->
 
             <!-- FOOTER -->
             <div class="chat-form-footer">
                 <div class="footer-action left">
                     <button id="backBtnVul" class="button teritary-btn" style="display:none;">
                         <span class="material-symbols-outlined left-icon">chevron_left</span>
                         PREVIOUS
                     </button>
                 </div>
 
                 <div class="footer-action right">
                     <button type="button" id="vulsubmitBtn" class="button primary-btn">
                         NEXT
                         <span id="vul-arrowIcon" class="material-symbols-outlined right-icon">
                             chevron_right
                         </span>
                         <span id="vul-spinner" class="vul-custom-spinner" style="display:none;"></span>
                     </button>
                 </div>
             </div>
 
         </div>
     </div>
 
     <script>
         const slider = document.getElementById('slider');
         const amountInput = document.getElementById('amount');
 
         // Update input when slider changes
         slider.addEventListener('input', () => {
             amountInput.value = slider.value;
         });
 
         // Update slider when input changes
         amountInput.addEventListener('input', () => {
             let val = Math.min(Math.max(amountInput.value, 1), 200); // clamp
             slider.value = val;
         });
     </script>
     <script src="https://cdnjs.cloudflare.com/ajax/libs/intl-tel-input/17.0.19/js/intlTelInput.min.js"></script>
     <script src="https://code.jquery.com/jquery-3.7.1.min.js"></script>
     <!-- ================= DEVELOPMENT ================= -->
     
 
     <!-- ================= NON-DEVELOPMENT ================= -->
     
         <script src="/assets/js/Common/Common.final.js"></script>
         <script src="/assets/js/Vulnerability/Vulnerability.final.js"></script>
         <script src="/assets/js/Forms/Forms.final.js"></script></div></div>
 [INFO] [20:47:44] node[3]: <div b-qew5mdctbu="" id="chat-section">
                 <!-- HEADER -->
                 <div b-qew5mdctbu="" class="chat-header">
                     <div b-qew5mdctbu="" class="header-startcontent">
                         <img b-qew5mdctbu="" src="/assets/svg/profileimgs.svg" class="profileimg">
                         <span b-qew5mdctbu="">MIA</span>
                         <img b-qew5mdctbu="" src="/assets/img/verified_user.svg" class="verified-badge" alt="Verified">
                     </div>
                     <div b-qew5mdctbu="" class="header-endcontent">
                         <img b-qew5mdctbu="" src="/assets/svg/add_comment.svg" class="chat-add-btn" id="chat-new-btn">
                         <button b-qew5mdctbu="" class="chat-minimize-btn">-</button>
                         <div b-qew5mdctbu="" class="three-dots-menu" id="three-dots-menu">
                             <button b-qew5mdctbu="" class="three-dots-btn" id="three-dots-btn">
                                 <span b-qew5mdctbu="" class="dot"></span>
                                 <span b-qew5mdctbu="" class="dot"></span>
                                 <span b-qew5mdctbu="" class="dot"></span>
                             </button>
                             <div b-qew5mdctbu="" class="three-dots-dropdown" id="three-dots-dropdown">
                                 <button b-qew5mdctbu="" class="dropdown-item" id="menu-chat-history">
                                     <svg b-qew5mdctbu="" class="dropdown-icon" xmlns="http://www.w3.org/2000/svg" width="18" height="18" viewBox="0 0 24 24" fill="none" stroke="#333" stroke-width="2" stroke-linecap="round" stroke-linejoin="round"><circle b-qew5mdctbu="" cx="12" cy="12" r="10"></circle><polyline b-qew5mdctbu="" points="12 6 12 12 16 14"></polyline></svg>
                                     Chat history
                                 </button>
                                 <button b-qew5mdctbu="" class="dropdown-item dropdown-item-end" id="menu-end-chat">
                                     <svg b-qew5mdctbu="" class="dropdown-icon" xmlns="http://www.w3.org/2000/svg" width="18" height="18" viewBox="0 0 24 24" fill="none" stroke="#e53935" stroke-width="2" stroke-linecap="round" stroke-linejoin="round"><line b-qew5mdctbu="" x1="18" y1="6" x2="6" y2="18"></line><line b-qew5mdctbu="" x1="6" y1="6" x2="18" y2="18"></line></svg>
                                     <span b-qew5mdctbu="" class="end-chat-text">End chat</span>
                                 </button>
                             </div>
                         </div>
                         <button b-qew5mdctbu="" id="chat-close-btn" class="chat-close-btn">├ù</button>
                     </div>
                 </div>
 
                 <!-- CHAT MESSAGES -->
             
                 <div b-qew5mdctbu="" class="chat-body" id="chat-messages">
                     <input name="__RequestVerificationToken" type="hidden" value="CfDJ8Mzf1W1n9RZPrYJLGM_-9mBMVqcVB5-tIgTB-js9KbDyaLG2A9udwrxumROtHCOPrrOLWN5AmdkZhsWEVssKMFrbhC5vKYoXDaTnBFcg00LGYZTJ852TYSLdSi7Dj8GG4c5FFOKJJF6GTocoDLaGpOQ">
 <link href="https://fonts.googleapis.com/css2?family=Material+Symbols+Outlined" rel="stylesheet">
 <link rel="stylesheet" href="Vulnerability.css">
 <!-- CHAT FORM CONTAINER -->
 <div class="chat-bodyForm" id="chat-Form" style="display:none;">
     <div id="disputePopup" style="display:flex;justify-content:center;align-items:center; position:relative;height:100%;background:rgba(0,0,0,0.5);">
         <div class="popup-content" style="background:#fff;padding:20px;max-width:90%; width:800px;height:600px;position:relative;">
             <div class="cht-content-popup"></div>
         </div>
     </div>
 </div>
 
 
 
 <script>
     var officerId = "6740";
     var platform = 1;
 
     if (platform == null) {
         platform = JSON.parse(sessionStorage.getItem('chatGlobalState') || '{}')?.platform;
     }
     var customerId = null;
     const paymentResult = null;
     var mobileNo = null;
     var trustedOrigins = ["https://cai-chatbot-ui-preprod.azurewebsites.net","https://marstonholdings.co.uk","https://www.marstonholdings.co.uk","https://mwp-payments-preprod-dxc4fpathuajhwhf.z01.azurefd.net/"];
 
     // Store immediately so it's not lost
     if (paymentResult) {
         sessionStorage.setItem("paymentResult", JSON.stringify(paymentResult));
     }
     const antiForgeryToken = 'CfDJ8Mzf1W1n9RZPrYJLGM_-9mBMVqcVB5-tIgTB-js9KbDyaLG2A9udwrxumROtHCOPrrOLWN5AmdkZhsWEVssKMFrbhC5vKYoXDaTnBFcg00LGYZTJ852TYSLdSi7Dj8GG4c5FFOKJJF6GTocoDLaGpOQ';
     const userName = null;
     const mobileNumber = null;
     const postcode = null;
     const caseNumber = null;
     const fromWebsite = true;
     const isUserRegistered = false;
 </script>
 
 
 <script src="https://cdnjs.cloudflare.com/ajax/libs/dompurify/3.1.6/purify.min.js" defer=""></script>
 
  
 
 <script src="/assets/js/chat/chat.final.js"></script>
 
 
 
  
 
 <script src="/assets/js/Chatlog/Chatlog.final.js"></script>
 
                 </div>
 
                 <div b-qew5mdctbu="" id="disconnect-overlay" class="disconnect-overlay" onclick="handleOverlayClick(event)">
                     <div b-qew5mdctbu="" class="disconnect-dialog">
                         <h3 b-qew5mdctbu="" class="disconnect-title">End chat with the agent?</h3>
                         <p b-qew5mdctbu="" class="disconnect-subtitle">You'll be disconnected from the support agent.</p>
                         <div b-qew5mdctbu="" class="disconnect-actions">
                             <button b-qew5mdctbu="" type="button" class="btn-stay" onclick="closeDisconnectDialog()">STAY IN CHAT</button>
                             <button b-qew5mdctbu="" type="button" class="btn-end" onclick="confirmDisconnect()">END CHAT</button>
                         </div>
                     </div>
                 </div>
 
                 <div b-qew5mdctbu="" id="endchat-overlay" class="disconnect-overlay" onclick="handleEndChatOverlayClick(event)">
                     <div b-qew5mdctbu="" class="disconnect-dialog">
                         <h3 b-qew5mdctbu="" class="disconnect-title">End Chat?</h3>
                         <p b-qew5mdctbu="" class="disconnect-subtitle">Any info you've entered will be lost.<br b-qew5mdctbu="">But don't worryΓÇöpayments made and submitted complaints or disputes are safe.</p>
                         <div b-qew5mdctbu="" class="disconnect-actions">
                             <button b-qew5mdctbu="" type="button" id="btn-close-chat" class="btn-stay" onclick="closeEndChatDialog()">CLOSE CHAT</button>
                             <button b-qew5mdctbu="" type="button" id="btn-stay-in-chat" class="btn-end" onclick="stayInChat()">STAY IN CHAT</button>
                         </div>
                     </div>
                 </div>
 
                 <div b-qew5mdctbu="" id="newchat-overlay" class="disconnect-overlay" onclick="handleNewChatOverlayClick(event)">
                     <div b-qew5mdctbu="" class="disconnect-dialog">
                         <h3 b-qew5mdctbu="" class="disconnect-title">New Chat?</h3>
                         <p b-qew5mdctbu="" class="disconnect-subtitle">Do you wish to continue with a new chat?</p>
                         <div b-qew5mdctbu="" class="disconnect-actions">
                             <button b-qew5mdctbu="" type="button" class="btn-stay" onclick="confirmNewChat()">YES</button>
                             <button b-qew5mdctbu="" type="button" class="btn-end" onclick="cancelNewChat()">NO</button>
                         </div>
                     </div>
                 </div>
 
                 <!-- FOOTER -->
                 <div b-qew5mdctbu="" class="chat-footer">
                     <div b-qew5mdctbu="" id="connectToAgent" class="agent-connecting-wrapper" style="display:none;">
                         <div b-qew5mdctbu="" class="agent-connecting-left">
                             <div b-qew5mdctbu="" class="agent-connecting-top">
                                 <div b-qew5mdctbu="" class="dot-animation">
                                     <span b-qew5mdctbu=""></span><span b-qew5mdctbu=""></span><span b-qew5mdctbu=""></span>
                                 </div>
                                 <span b-qew5mdctbu="" class="agent-loading-msg" id="agent-loading-msg">
                                     Finding the best available agent
                                 </span>
                             </div>
                             <div b-qew5mdctbu="" class="agent-subtext">Estimated wait time 1-2 mins</div>
                         </div>
                         <button b-qew5mdctbu="" type="button" id="cancel-agent-btn" class="agent-cancel-btn" onclick="cancelAgentFlow()">
                             Cancel
                         </button>
                     </div>
 
                     <div b-qew5mdctbu="" class="input-send-wrapper">
                         <textarea b-qew5mdctbu="" id="message-input" class="msg-input-area" placeholder="Enter message here..." rows="1"></textarea>
                         <button b-qew5mdctbu="" id="send-btn">
                             <img b-qew5mdctbu="" src="/assets/svg/sendbtn.svg">
                         </button>
                     </div>
                 </div>
             </div>
 [INFO] [20:47:44] node[4]: <div b-qew5mdctbu="" class="chat-body" id="chat-messages">
                     <input name="__RequestVerificationToken" type="hidden" value="CfDJ8Mzf1W1n9RZPrYJLGM_-9mBMVqcVB5-tIgTB-js9KbDyaLG2A9udwrxumROtHCOPrrOLWN5AmdkZhsWEVssKMFrbhC5vKYoXDaTnBFcg00LGYZTJ852TYSLdSi7Dj8GG4c5FFOKJJF6GTocoDLaGpOQ">
 <link href="https://fonts.googleapis.com/css2?family=Material+Symbols+Outlined" rel="stylesheet">
 <link rel="stylesheet" href="Vulnerability.css">
 <!-- CHAT FORM CONTAINER -->
 <div class="chat-bodyForm" id="chat-Form" style="display:none;">
     <div id="disputePopup" style="display:flex;justify-content:center;align-items:center; position:relative;height:100%;background:rgba(0,0,0,0.5);">
         <div class="popup-content" style="background:#fff;padding:20px;max-width:90%; width:800px;height:600px;position:relative;">
             <div class="cht-content-popup"></div>
         </div>
     </div>
 </div>
 
 
 
 <script>
     var officerId = "6740";
     var platform = 1;
 
     if (platform == null) {
         platform = JSON.parse(sessionStorage.getItem('chatGlobalState') || '{}')?.platform;
     }
     var customerId = null;
     const paymentResult = null;
     var mobileNo = null;
     var trustedOrigins = ["https://cai-chatbot-ui-preprod.azurewebsites.net","https://marstonholdings.co.uk","https://www.marstonholdings.co.uk","https://mwp-payments-preprod-dxc4fpathuajhwhf.z01.azurefd.net/"];
 
     // Store immediately so it's not lost
     if (paymentResult) {
         sessionStorage.setItem("paymentResult", JSON.stringify(paymentResult));
     }
     const antiForgeryToken = 'CfDJ8Mzf1W1n9RZPrYJLGM_-9mBMVqcVB5-tIgTB-js9KbDyaLG2A9udwrxumROtHCOPrrOLWN5AmdkZhsWEVssKMFrbhC5vKYoXDaTnBFcg00LGYZTJ852TYSLdSi7Dj8GG4c5FFOKJJF6GTocoDLaGpOQ';
     const userName = null;
     const mobileNumber = null;
     const postcode = null;
     const caseNumber = null;
     const fromWebsite = true;
     const isUserRegistered = false;
 </script>
 
 
 <script src="https://cdnjs.cloudflare.com/ajax/libs/dompurify/3.1.6/purify.min.js" defer=""></script>
 
  
 
 <script src="/assets/js/chat/chat.final.js"></script>
 
 
 
  
 
 <script src="/assets/js/Chatlog/Chatlog.final.js"></script>
 
                 </div>
 [INFO] [20:47:44] node[5]: <script>
     var officerId = "6740";
     var platform = 1;
 
     if (platform == null) {
         platform = JSON.parse(sessionStorage.getItem('chatGlobalState') || '{}')?.platform;
     }
     var customerId = null;
     const paymentResult = null;
     var mobileNo = null;
     var trustedOrigins = ["https://cai-chatbot-ui-preprod.azurewebsites.net","https://marstonholdings.co.uk","https://www.marstonholdings.co.uk","https://mwp-payments-preprod-dxc4fpathuajhwhf.z01.azurefd.net/"];
 
     // Store immediately so it's not lost
     if (paymentResult) {
         sessionStorage.setItem("paymentResult", JSON.stringify(paymentResult));
     }
     const antiForgeryToken = 'CfDJ8Mzf1W1n9RZPrYJLGM_-9mBMVqcVB5-tIgTB-js9KbDyaLG2A9udwrxumROtHCOPrrOLWN5AmdkZhsWEVssKMFrbhC5vKYoXDaTnBFcg00LGYZTJ852TYSLdSi7Dj8GG4c5FFOKJJF6GTocoDLaGpOQ';
     const userName = null;
     const mobileNumber = null;
     const postcode = null;
     const caseNumber = null;
     const fromWebsite = true;
     const isUserRegistered = false;
 </script>
 [INFO] [20:47:44] node[6]: <div b-qew5mdctbu="" id="endchat-overlay" class="disconnect-overlay" onclick="handleEndChatOverlayClick(event)">
                     <div b-qew5mdctbu="" class="disconnect-dialog">
                         <h3 b-qew5mdctbu="" class="disconnect-title">End Chat?</h3>
                         <p b-qew5mdctbu="" class="disconnect-subtitle">Any info you've entered will be lost.<br b-qew5mdctbu="">But don't worryΓÇöpayments made and submitted complaints or disputes are safe.</p>
                         <div b-qew5mdctbu="" class="disconnect-actions">
                             <button b-qew5mdctbu="" type="button" id="btn-close-chat" class="btn-stay" onclick="closeEndChatDialog()">CLOSE CHAT</button>
                             <button b-qew5mdctbu="" type="button" id="btn-stay-in-chat" class="btn-end" onclick="stayInChat()">STAY IN CHAT</button>
                         </div>
                     </div>
                 </div>
 [INFO] [20:47:44] node[7]: <div b-qew5mdctbu="" class="disconnect-dialog">
                         <h3 b-qew5mdctbu="" class="disconnect-title">End Chat?</h3>
                         <p b-qew5mdctbu="" class="disconnect-subtitle">Any info you've entered will be lost.<br b-qew5mdctbu="">But don't worryΓÇöpayments made and submitted complaints or disputes are safe.</p>
                         <div b-qew5mdctbu="" class="disconnect-actions">
                             <button b-qew5mdctbu="" type="button" id="btn-close-chat" class="btn-stay" onclick="closeEndChatDialog()">CLOSE CHAT</button>
                             <button b-qew5mdctbu="" type="button" id="btn-stay-in-chat" class="btn-end" onclick="stayInChat()">STAY IN CHAT</button>
                         </div>
                     </div>
 [INFO] [20:47:44] node[8]: <p b-qew5mdctbu="" class="disconnect-subtitle">Any info you've entered will be lost.<br b-qew5mdctbu="">But don't worryΓÇöpayments made and submitted complaints or disputes are safe.</p>
 [INFO] [20:47:44] Setup payment plan locator count=0



Test Run Failed.
Total tests: 1
     Failed: 1
 Total time: 2.2920 Minutes
